# industry_news/polygon failed at 2026-09-04T00:10:28.081199+00:00
# command: C:\Users\Admin\AppData\Local\Programs\Python\Python314\python.exe C:\Users\Admin\Documents\AI游戏行业周月报\collectors\polygon.py --out C:\Users\Admin\Documents\AI游戏行业周月报\news_data\industry_news\2026-09-03 --max-pages 1 --preset yesterday
# returncode: 1

[config] window: 2026-09-03 00:00:00 <= published < 2026-09-04 00:00:00
[config] output: C:\Users\Admin\Documents\AI游戏行业周月报\news_data\industry_news\2026-09-03
Traceback (most recent call last):
  File "C:\Users\Admin\Documents\AI游戏行业周月报\collectors\polygon.py", line 258, in <module>
    main()
    ~~~~^^
  File "C:\Users\Admin\Documents\AI游戏行业周月报\collectors\polygon.py", line 213, in main
    xml_text = http_get(FEED_URL)
  File "C:\Users\Admin\Documents\AI游戏行业周月报\collectors\polygon.py", line 62, in http_get
    with urlopen(req, timeout=HTTP_TIMEOUT) as resp:
         ~~~~~~~^^^^^^^^^^^^^^^^^^^^^^^^^^^
  File "C:\Users\Admin\AppData\Local\Programs\Python\Python314\Lib\urllib\request.py", line 187, in urlopen
    return opener.open(url, data, timeout)
           ~~~~~~~~~~~^^^^^^^^^^^^^^^^^^^^
  File "C:\Users\Admin\AppData\Local\Programs\Python\Python314\Lib\urllib\request.py", line 487, in open
    response = self._open(req, data)
  File "C:\Users\Admin\AppData\Local\Programs\Python\Python314\Lib\urllib\request.py", line 504, in _open
    result = self._call_chain(self.handle_open, protocol, protocol +
                              '_open', req)
  File "C:\Users\Admin\AppData\Local\Programs\Python\Python314\Lib\urllib\request.py", line 464, in _call_chain
    result = func(*args)
  File "C:\Users\Admin\AppData\Local\Programs\Python\Python314\Lib\urllib\request.py", line 1369, in https_open
    return self.do_open(http.client.HTTPSConnection, req,
           ~~~~~~~~~~~~^^^^^^^^^^^^^^^^^^^^^^^^^^^^^^^^^^
                        context=self._context)
                        ^^^^^^^^^^^^^^^^^^^^^^
  File "C:\Users\Admin\AppData\Local\Programs\Python\Python314\Lib\urllib\request.py", line 1325, in do_open
    r = h.getresponse()
  File "C:\Users\Admin\AppData\Local\Programs\Python\Python314\Lib\http\client.py", line 1459, in getresponse
    response.begin()
    ~~~~~~~~~~~~~~^^
  File "C:\Users\Admin\AppData\Local\Programs\Python\Python314\Lib\http\client.py", line 336, in begin
    version, status, reason = self._read_status()
                              ~~~~~~~~~~~~~~~~~^^
  File "C:\Users\Admin\AppData\Local\Programs\Python\Python314\Lib\http\client.py", line 305, in _read_status
    raise RemoteDisconnected("Remote end closed connection without"
                             " response")
http.client.RemoteDisconnected: Remote end closed connection without response
