# industry_news/vgc failed at 2026-07-02T00:11:08.452090+00:00
# command: C:\Users\Admin\AppData\Local\Programs\Python\Python314\python.exe C:\Users\Admin\Documents\AI游戏行业周月报\collectors\vgc.py --out C:\Users\Admin\Documents\AI游戏行业周月报\news_data\industry_news\2026-07-01 --max-pages 20 --preset yesterday
# returncode: 1

[were_going_to_regret_that_decision_dbrand_cancel_3041e665] failed: RuntimeError('article content selector not found; source structure may have changed')
[xbox_set_to_close_dishonored_and_blade_studio_ar_ec406739] failed: RuntimeError('article content selector not found; source structure may have changed')
[io_interactive_facing_layoffs_as_it_cuts_ties_wi_e21283ea] failed: RuntimeError('article content selector not found; source structure may have changed')
[amid_huge_expected_cuts_xbox_claims_were_not_red_467b0f01] failed: RuntimeError('article content selector not found; source structure may have changed')
[mario_kart_world_adds_two_new_knockout_tours_wit_a63a3015] failed: RuntimeError('article content selector not found; source structure may have changed')
[esa_clarifies_views_on_private_servers_after_say_dc2669f1] failed: RuntimeError('article content selector not found; source structure may have changed')
[pokemon_xp_interest_list_is_now_open_including_p_348b6264] failed: RuntimeError('article content selector not found; source structure may have changed')
[former_playstation_boss_thinks_sonys_pc_ports_u_bbd05925] failed: RuntimeError('article content selector not found; source structure may have changed')
[hideo_kojimas_xbox_exclusive_horror_game_reporte_627df039] failed: RuntimeError('article content selector not found; source structure may have changed')
[mmo_shooter_cinder_city_may_be_the_first_pc_game_2329d6b1] failed: RuntimeError('article content selector not found; source structure may have changed')
[playstation_announces_the_end_of_disc_games_star_3152a306] failed: RuntimeError('article content selector not found; source structure may have changed')
[sony_is_closing_the_playstation_store_on_ps3_and_26143ecb] failed: RuntimeError('article content selector not found; source structure may have changed')
[the_original_isometric_fallout_3_wouldnt_have_be_7aa95bd0] failed: RuntimeError('article content selector not found; source structure may have changed')
[quantic_dream_denies_star_wars_eclipse_is_in_tro_bc86ea94] failed: RuntimeError('article content selector not found; source structure may have changed')
[playstation_6_2028_release] failed: RuntimeError('article content selector not found; source structure may have changed')
[how_doom_the_dark_ages_revelations_new_weapon_br_ccc24f4a] failed: RuntimeError('article content selector not found; source structure may have changed')
[gta_6_staff_accuse_rockstar_of_growing_gender_pa_9cef29db] failed: RuntimeError('article content selector not found; source structure may have changed')
[julys_three_playstation_plus_free_essential_mont_750e7a45] failed: RuntimeError('article content selector not found; source structure may have changed')
[2k_co_founder_christoph_hartmann_joins_ubisoft_t_6d85448e] failed: RuntimeError('article content selector not found; source structure may have changed')
[config] window: 2026-07-01 00:00:00 <= published < 2026-07-02 00:00:00
[config] output: C:\Users\Admin\Documents\AI游戏行业周月报\news_data\industry_news\2026-07-01
[rss] open https://www.videogameschronicle.com/feed/
[rss] page 1: +8, older=0, total=8
[rss] open https://www.videogameschronicle.com/feed/?paged=2
[rss] page 2: +10, older=0, total=18
[rss] open https://www.videogameschronicle.com/feed/?paged=3
[rss] page 3: +1, older=9, total=19
[rss] collected 19 article(s), future_or_today=2, excluded_guides=0
[rss] selected 19 article(s)
[were_going_to_regret_that_decision_dbrand_cancel_3041e665] open https://www.videogameschronicle.com/news/were-going-to-regret-that-decision-dbrand-cancels-its-companion-cube-steam-machine-case-after-valve-demands-it/
[xbox_set_to_close_dishonored_and_blade_studio_ar_ec406739] open https://www.videogameschronicle.com/news/xbox-set-to-close-dishonored-and-blade-studio-arkane-in-cuts-its-claimed/
[io_interactive_facing_layoffs_as_it_cuts_ties_wi_e21283ea] open https://www.videogameschronicle.com/news/io-interactive-facing-layoffs-as-it-cuts-ties-with-project-fantasy-partner-believed-to-be-xbox/
[amid_huge_expected_cuts_xbox_claims_were_not_red_467b0f01] open https://www.videogameschronicle.com/news/amid-huge-expected-cuts-xbox-claims-were-not-reducing-our-investment-in-games/
[mario_kart_world_adds_two_new_knockout_tours_wit_a63a3015] open https://www.videogameschronicle.com/news/mario-kart-world-adds-two-new-knockout-tours-with-more-to-come/
[esa_clarifies_views_on_private_servers_after_say_dc2669f1] open https://www.videogameschronicle.com/news/esa-clarifies-views-on-private-servers-after-saying-minecraft-servers-are-illegal-and-considered-piracy/
[pokemon_xp_interest_list_is_now_open_including_p_348b6264] open https://www.videogameschronicle.com/news/pokemon-xp-interest-list-is-now-open-including-pokemon-tcg-artist-signings-and-more/
[former_playstation_boss_thinks_sonys_pc_ports_u_bbd05925] open https://www.videogameschronicle.com/news/former-playstation-boss-thinks-sonys-pc-ports-u-turn-doesnt-make-much-sense/
[hideo_kojimas_xbox_exclusive_horror_game_reporte_627df039] open https://www.videogameschronicle.com/news/hideo-kojimas-xbox-exclusive-horror-game-reportedly-safe-from-microsoft-cuts/
[mmo_shooter_cinder_city_may_be_the_first_pc_game_2329d6b1] open https://www.videogameschronicle.com/news/mmo-shooter-cinder-city-may-be-the-first-pc-game-to-recommend-64-gb-of-ram/
[playstation_announces_the_end_of_disc_games_star_3152a306] open https://www.videogameschronicle.com/news/playstation-announces-the-end-of-disc-games-starting-in-january-2028/
[sony_is_closing_the_playstation_store_on_ps3_and_26143ecb] open https://www.videogameschronicle.com/news/sony-is-closing-the-playstation-store-on-ps3-and-vita/
[the_original_isometric_fallout_3_wouldnt_have_be_7aa95bd0] open https://www.videogameschronicle.com/news/the-original-isometric-fallout-3-wouldnt-have-been-cancelled-if-execs-had-bothered-to-see-it-new-vegas-lead-says/
[quantic_dream_denies_star_wars_eclipse_is_in_tro_bc86ea94] open https://www.videogameschronicle.com/news/quantic-dream-denies-star-wars-eclipse-is-in-trouble-were-continuing-as-planned/
[playstation_6_2028_release] open https://www.videogameschronicle.com/news/playstation-6-2028-release/
[how_doom_the_dark_ages_revelations_new_weapon_br_ccc24f4a] open https://www.videogameschronicle.com/features/how-doom-the-dark-ages-revelations-new-weapon-bridges-the-gap-to-doom-eternal/
[gta_6_staff_accuse_rockstar_of_growing_gender_pa_9cef29db] open https://www.videogameschronicle.com/news/gta-6-staff-accuse-rockstar-of-growing-gender-pay-gap-no-bonus-transparency-and-mandatory-crunch/
[julys_three_playstation_plus_free_essential_mont_750e7a45] open https://www.videogameschronicle.com/news/julys-three-playstation-plus-free-essential-monthly-games-include-call-of-duty-modern-warfare-3/
[2k_co_founder_christoph_hartmann_joins_ubisoft_t_6d85448e] open https://www.videogameschronicle.com/news/2k-co-founder-christoph-hartmann-joins-ubisoft-to-lead-creative-house-2-which-focuses-on-tom-clancy-titles/
[done] ok=0 fail=19 output=C:\Users\Admin\Documents\AI游戏行业周月报\news_data\industry_news\2026-07-01
