# industry_news/gamedeveloper failed at 2026-06-18T00:10:16.088220+00:00
# command: C:\Users\Admin\AppData\Local\Programs\Python\Python314\python.exe C:\Users\Admin\Documents\AI游戏行业周月报\collectors\gamedeveloper.py --out C:\Users\Admin\Documents\AI游戏行业周月报\news_data\industry_news\2026-06-17 --max-pages 1 --preset yesterday
# returncode: 1

[rockstar_suffers_legal_blow_in_union_busting_dis_ae4ba9b5] failed: RuntimeError('article content selector not found; source structure may have changed')
[config] window: 2026-06-17 00:00:00 <= published < 2026-06-18 00:00:00
[config] output: C:\Users\Admin\Documents\AI游戏行业周月报\news_data\industry_news\2026-06-17
[rss] open https://www.gamedeveloper.com/rss.xml
[rss] collected 6 article(s), older=41, future_or_today=3
[rss] selected 6 article(s)
[eu_commission_to_engage_with_the_industry_over_s_8ff5576f] open https://www.gamedeveloper.com/business/eu-commission-to-engage-with-the-industry-over-stop-killing-games-initiative
[eu_commission_to_engage_with_the_industry_over_s_8ff5576f] saved text record
[luna_abyss_development_team_laid_off_by_kwalee] open https://www.gamedeveloper.com/business/luna-abyss-development-team-laid-off-by-kwalee
[luna_abyss_development_team_laid_off_by_kwalee] saved text record
[resource_management_survival_games_are_about_tim_5327d4b8] open https://www.gamedeveloper.com/design/resource-management-survival-games-are-about-time-management-
[resource_management_survival_games_are_about_tim_5327d4b8] saved text record
[rockstar_suffers_legal_blow_in_union_busting_dis_ae4ba9b5] open https://www.gamedeveloper.com/business/rockstar-suffers-legal-blow-in-union-busting-dispute-as-trial-date-set
[the_game_is_the_boss_returnal_director_harry_kru_9e15fe64] open https://www.gamedeveloper.com/production/-the-game-is-the-boss-returnal-director-harry-krueger-wants-his-new-studio-to-live-forever
[the_game_is_the_boss_returnal_director_harry_kru_9e15fe64] saved text record
[report_xbox_was_set_on_splitting_with_ninja_theo_5c6236a3] open https://www.gamedeveloper.com/business/report-xbox-was-set-on-splitting-with-ninja-theory-when-showing-its-new-project
[report_xbox_was_set_on_splitting_with_ninja_theo_5c6236a3] saved text record
[done] ok=5 fail=1 output=C:\Users\Admin\Documents\AI游戏行业周月报\news_data\industry_news\2026-06-17
