# industry_news/youxichaguan failed at 2026-08-06T00:03:46.807709+00:00
# command: C:\Users\Admin\AppData\Local\Programs\Python\Python314\python.exe C:\Users\Admin\Documents\AI游戏行业周月报\collectors\youxichaguan.py --out C:\Users\Admin\Documents\AI游戏行业周月报\news_data\industry_news\2026-08-05 --max-pages 5 --preset yesterday
# returncode: 1

[config] window: 2026-08-05 00:00:00 <= published < 2026-08-06 00:00:00
[config] output: C:\Users\Admin\Documents\AI游戏行业周月报\news_data\industry_news\2026-08-05
[list] open https://youxichaguan.com/wp-json/wp/v2/posts?per_page=100&page=1&orderby=date&order=desc
[list] page 1: +14, older=86, total 14
[list] open https://youxichaguan.com/wp-json/wp/v2/posts?per_page=100&page=2&orderby=date&order=desc
[list] page 2: +0, older=100, total 14
[list] collected 14 article(s)
[204323] saved text record
[204326] saved text record
[204328] saved text record
[204354] saved text record
[204368] saved text record
[204377] saved text record
[204387] saved text record
Traceback (most recent call last):
  File "C:\Users\Admin\Documents\AI游戏行业周月报\collectors\youxichaguan.py", line 389, in <module>
    asyncio.run(main())
    ~~~~~~~~~~~^^^^^^^^
  File "C:\Users\Admin\AppData\Local\Programs\Python\Python314\Lib\asyncio\runners.py", line 204, in run
    return runner.run(main)
           ~~~~~~~~~~^^^^^^
  File "C:\Users\Admin\AppData\Local\Programs\Python\Python314\Lib\asyncio\runners.py", line 127, in run
    return self._loop.run_until_complete(task)
           ~~~~~~~~~~~~~~~~~~~~~~~~~~~~~^^^^^^
  File "C:\Users\Admin\AppData\Local\Programs\Python\Python314\Lib\asyncio\base_events.py", line 719, in run_until_complete
    return future.result()
           ~~~~~~~~~~~~~^^
  File "C:\Users\Admin\Documents\AI游戏行业周月报\collectors\youxichaguan.py", line 374, in main
    if await save_article_pdf(context, item, args.out, manifest):
       ^^^^^^^^^^^^^^^^^^^^^^^^^^^^^^^^^^^^^^^^^^^^^^^^^^^^^^^^^
  File "C:\Users\Admin\Documents\AI游戏行业周月报\collectors\youxichaguan.py", line 255, in save_article_pdf
    write_article_record(
    ~~~~~~~~~~~~~~~~~~~~^
        out_dir,
        ^^^^^^^^
    ...<14 lines>...
        },
        ^^
    )
    ^
  File "C:\Users\Admin\Documents\AI游戏行业周月报\collectors\article_store.py", line 307, in write_article_record
    _retry_io(_flush)
    ~~~~~~~~~^^^^^^^^
  File "C:\Users\Admin\Documents\AI游戏行业周月报\collectors\article_store.py", line 105, in _retry_io
    return fn()
  File "C:\Users\Admin\Documents\AI游戏行业周月报\collectors\article_store.py", line 302, in _flush
    with jsonl_path.open("w", encoding="utf-8", newline="\n") as handle:
         ~~~~~~~~~~~~~~~^^^^^^^^^^^^^^^^^^^^^^^^^^^^^^^^^^^^^
  File "C:\Users\Admin\AppData\Local\Programs\Python\Python314\Lib\pathlib\__init__.py", line 771, in open
    return io.open(self, mode, buffering, encoding, errors, newline)
           ~~~~~~~^^^^^^^^^^^^^^^^^^^^^^^^^^^^^^^^^^^^^^^^^^^^^^^^^^
OSError: [Errno 22] Invalid argument: 'C:\\Users\\Admin\\Documents\\AI游戏行业周月报\\news_data\\industry_news\\2026-08-05\\articles.jsonl'
