# industry_news/vgc failed at 2026-07-08T00:07:34.814148+00:00
# command: C:\Users\Admin\AppData\Local\Programs\Python\Python314\python.exe C:\Users\Admin\Documents\AI游戏行业周月报\collectors\vgc.py --out C:\Users\Admin\Documents\AI游戏行业周月报\news_data\industry_news\2026-07-07 --max-pages 20 --preset yesterday
# returncode: 1

[bethesda_boss_tells_staff_it_will_restructure_ar_a7292d3e] failed: RuntimeError('article content selector not found; source structure may have changed')
[state_of_decay_3_no_longer_needs_to_release_on_g_96ac02be] failed: RuntimeError('article content selector not found; source structure may have changed')
[sony_goes_quiet_as_dont_kill_the_disc_petition_r_a759ec66] failed: RuntimeError('article content selector not found; source structure may have changed')
[xbox_layoffs_reportedly_gut_id_softwares_coding_31352c1c] failed: RuntimeError('article content selector not found; source structure may have changed')
[io_confirms_it_will_continue_project_fantasy_ind_0b9257d1] failed: RuntimeError('article content selector not found; source structure may have changed')
[new_games_and_updates_coming_to_xbox_game_pass_i_7390d399] failed: RuntimeError('article content selector not found; source structure may have changed')
[project_phoenix] failed: RuntimeError('article content selector not found; source structure may have changed')
[config] window: 2026-07-07 00:00:00 <= published < 2026-07-08 00:00:00
[config] output: C:\Users\Admin\Documents\AI游戏行业周月报\news_data\industry_news\2026-07-07
[rss] open https://www.videogameschronicle.com/feed/
[rss] page 1: +7, older=1, total=7
[rss] collected 7 article(s), future_or_today=2, excluded_guides=0
[rss] selected 7 article(s)
[bethesda_boss_tells_staff_it_will_restructure_ar_a7292d3e] open https://www.videogameschronicle.com/news/bethesda-boss-tells-staff-it-will-restructure-around-our-strongest-franchises-after-cuts/
[state_of_decay_3_no_longer_needs_to_release_on_g_96ac02be] open https://www.videogameschronicle.com/news/state-of-decay-3-no-longer-needs-to-release-on-game-pass-following-xbox-split/
[sony_goes_quiet_as_dont_kill_the_disc_petition_r_a759ec66] open https://www.videogameschronicle.com/news/sony-goes-quiet-as-dont-kill-the-disc-petition-reaches-165000-signatures/
[xbox_layoffs_reportedly_gut_id_softwares_coding_31352c1c] open https://www.videogameschronicle.com/news/xbox-layoffs-reportedly-gut-id-softwares-coding-team-and-cut-60-70-developers-from-obsidian/
[io_confirms_it_will_continue_project_fantasy_ind_0b9257d1] open https://www.videogameschronicle.com/news/io-confirms-it-will-continue-project-fantasy-independently-after-xbox-split/
[new_games_and_updates_coming_to_xbox_game_pass_i_7390d399] open https://www.videogameschronicle.com/news/new-games-and-updates-coming-to-xbox-game-pass-in-july-2026/
[project_phoenix] open https://www.videogameschronicle.com/features/project-phoenix/
[done] ok=0 fail=7 output=C:\Users\Admin\Documents\AI游戏行业周月报\news_data\industry_news\2026-07-07
