# industry_news/vgc failed at 2026-07-22T00:08:17.993314+00:00
# command: C:\Users\Admin\AppData\Local\Programs\Python\Python314\python.exe C:\Users\Admin\Documents\AI游戏行业周月报\collectors\vgc.py --out C:\Users\Admin\Documents\AI游戏行业周月报\news_data\industry_news\2026-07-21 --max-pages 20 --preset yesterday
# returncode: 1

[only_seven_playstation_games_have_sold_more_than_09ef9d09] failed: RuntimeError('article content selector not found; source structure may have changed')
[ubisoft_promises_more_ghost_recon_news_in_august_6b5e6959] failed: RuntimeError('article content selector not found; source structure may have changed')
[gamescoms_exhibition_space_has_completely_sold_o_72b62536] failed: RuntimeError('article content selector not found; source structure may have changed')
[nintendo_says_it_shouldnt_have_to_pay_back_playe_282de378] failed: RuntimeError('article content selector not found; source structure may have changed')
[splatoon_raiders_review] failed: RuntimeError('article content selector not found; source structure may have changed')
[xbox_lists_its_next_seven_game_pass_titles_inclu_d74dcbe4] failed: RuntimeError('article content selector not found; source structure may have changed')
[runescape_boss_wants_to_overtake_world_of_warcra_c0d97438] failed: RuntimeError('article content selector not found; source structure may have changed')
[kylian_mbappe_is_the_ea_sports_fc_27_ultimate_ed_16c5a5fa] failed: RuntimeError('article content selector not found; source structure may have changed')
[config] window: 2026-07-21 00:00:00 <= published < 2026-07-22 00:00:00
[config] output: C:\Users\Admin\Documents\AI游戏行业周月报\news_data\industry_news\2026-07-21
[rss] open https://www.videogameschronicle.com/feed/
[rss] page 1: +8, older=1, total=8
[rss] collected 8 article(s), future_or_today=0, excluded_guides=1
[rss] selected 8 article(s)
[only_seven_playstation_games_have_sold_more_than_09ef9d09] open https://www.videogameschronicle.com/news/only-seven-playstation-games-have-sold-more-than-100000-physical-copies-in-the-us-this-year-analyst-says/
[ubisoft_promises_more_ghost_recon_news_in_august_6b5e6959] open https://www.videogameschronicle.com/news/ubisoft-promises-more-ghost-recon-news-in-august-as-wildlands-definitive-edition-info-emerges/
[gamescoms_exhibition_space_has_completely_sold_o_72b62536] open https://www.videogameschronicle.com/news/gamescoms-exhibition-space-has-completely-sold-out-for-the-first-time/
[nintendo_says_it_shouldnt_have_to_pay_back_playe_282de378] open https://www.videogameschronicle.com/news/nintendo-says-it-shouldnt-have-to-pay-back-players-if-it-gets-tariff-refunds-from-the-us-government/
[splatoon_raiders_review] open https://www.videogameschronicle.com/review/splatoon-raiders-review/
[xbox_lists_its_next_seven_game_pass_titles_inclu_d74dcbe4] open https://www.videogameschronicle.com/news/xbox-lists-its-next-seven-game-pass-titles-including-halo-campaign-evolved-and-beast-of-reincarnation/
[runescape_boss_wants_to_overtake_world_of_warcra_c0d97438] open https://www.videogameschronicle.com/news/runescape-boss-wants-to-overtake-world-of-warcraft-as-the-number-1-mmo-promises-big-things-in-october/
[kylian_mbappe_is_the_ea_sports_fc_27_ultimate_ed_16c5a5fa] open https://www.videogameschronicle.com/news/kylian-mbappe-is-the-ea-sports-fc-27-ultimate-edition-cover-athlete-marking-his-return-to-the-cover-after-four-years/
[done] ok=0 fail=8 output=C:\Users\Admin\Documents\AI游戏行业周月报\news_data\industry_news\2026-07-21
