# industry_news/vgc failed at 2026-07-15T00:07:23.716386+00:00
# command: C:\Users\Admin\AppData\Local\Programs\Python\Python314\python.exe C:\Users\Admin\Documents\AI游戏行业周月报\collectors\vgc.py --out C:\Users\Admin\Documents\AI游戏行业周月报\news_data\industry_news\2026-07-14 --max-pages 20 --preset yesterday
# returncode: 1

[the_goldeneye_and_perfect_dark_inspired_agent_64_540d0d72] failed: RuntimeError('article content selector not found; source structure may have changed')
[dragons_dogma_2_producer_says_its_dark_arisen_dl_b3de6046] failed: RuntimeError('article content selector not found; source structure may have changed')
[jon_hamm_was_originally_considered_to_play_cole_60090141] failed: RuntimeError('article content selector not found; source structure may have changed')
[ex_xbox_studio_compulsion_games_invites_partners_c4eb4abd] failed: RuntimeError('article content selector not found; source structure may have changed')
[assassins_creed_black_flag_resynced_studio_ubiso_fabed03f] failed: RuntimeError('article content selector not found; source structure may have changed')
[the_ps4_and_xbox_one_versions_of_dying_light_the_ddef9516] failed: RuntimeError('article content selector not found; source structure may have changed')
[config] window: 2026-07-14 00:00:00 <= published < 2026-07-15 00:00:00
[config] output: C:\Users\Admin\Documents\AI游戏行业周月报\news_data\industry_news\2026-07-14
[rss] open https://www.videogameschronicle.com/feed/
[rss] page 1: +5, older=0, total=5
[rss] open https://www.videogameschronicle.com/feed/?paged=2
[rss] page 2: +1, older=9, total=6
[rss] collected 6 article(s), future_or_today=2, excluded_guides=3
[rss] selected 6 article(s)
[the_goldeneye_and_perfect_dark_inspired_agent_64_540d0d72] open https://www.videogameschronicle.com/news/the-goldeneye-and-perfect-dark-inspired-agent-64-spies-never-die-is-coming-to-pc-next-month/
[dragons_dogma_2_producer_says_its_dark_arisen_dl_b3de6046] open https://www.videogameschronicle.com/news/dragons-dogma-2-producer-says-its-dark-arisen-dlc-will-be-more-than-25-hours-long/
[jon_hamm_was_originally_considered_to_play_cole_60090141] open https://www.videogameschronicle.com/news/jon-hamm-was-originally-considered-to-play-cole-phelps-in-la-noire-writer-says/
[ex_xbox_studio_compulsion_games_invites_partners_c4eb4abd] open https://www.videogameschronicle.com/news/ex-xbox-studio-compulsion-games-invites-partners-to-collaborate-with-it-after-going-independent/
[assassins_creed_black_flag_resynced_studio_ubiso_fabed03f] open https://www.videogameschronicle.com/news/assassins-creed-black-flag-resynced-studio-ubisoft-barcelona-strikes-to-protest-51-staff-being-laid-off/
[the_ps4_and_xbox_one_versions_of_dying_light_the_ddef9516] open https://www.videogameschronicle.com/news/the-ps4-and-xbox-one-versions-of-dying-light-the-beast-have-been-cancelled/
[done] ok=0 fail=6 output=C:\Users\Admin\Documents\AI游戏行业周月报\news_data\industry_news\2026-07-14
