# industry_news/vgc failed at 2026-07-16T00:08:46.536481+00:00
# command: C:\Users\Admin\AppData\Local\Programs\Python\Python314\python.exe C:\Users\Admin\Documents\AI游戏行业周月报\collectors\vgc.py --out C:\Users\Admin\Documents\AI游戏行业周月报\news_data\industry_news\2026-07-15 --max-pages 20 --preset yesterday
# returncode: 1

[dragons_dogma_2_performance_on_switch_2_is_excee_f5c14072] failed: RuntimeError('article content selector not found; source structure may have changed')
[xbox_has_removed_tony_hawk_12_from_its_upcoming_663e4942] failed: RuntimeError('article content selector not found; source structure may have changed')
[dead_space_creator_glen_schofield_is_retiring_af_806669de] failed: RuntimeError('article content selector not found; source structure may have changed')
[the_next_pokemon_pokopia_event_has_been_announce_d81b5485] failed: RuntimeError('article content selector not found; source structure may have changed')
[forza_horizon_6_leaderboards_are_being_wiped_as_5281450e] failed: RuntimeError('article content selector not found; source structure may have changed')
[new_survey_claims_100_of_japanese_online_game_de_e781c70e] failed: RuntimeError('article content selector not found; source structure may have changed')
[gta_6_console_only_launch_isnt_anti_pc_but_a_cas_748eb5c5] failed: RuntimeError('article content selector not found; source structure may have changed')
[nvidias_jensen_huang_reunites_with_sega_exec_who_291490da] failed: RuntimeError('article content selector not found; source structure may have changed')
[fromsoftwares_the_duskbloods_gets_a_network_test_d7f8635c] failed: RuntimeError('article content selector not found; source structure may have changed')
[julys_ps_plus_game_catalog_titles_include_rise_o_5a9e961d] failed: RuntimeError('article content selector not found; source structure may have changed')
[config] window: 2026-07-15 00:00:00 <= published < 2026-07-16 00:00:00
[config] output: C:\Users\Admin\Documents\AI游戏行业周月报\news_data\industry_news\2026-07-15
[rss] open https://www.videogameschronicle.com/feed/
[rss] page 1: +7, older=0, total=7
[rss] open https://www.videogameschronicle.com/feed/?paged=2
[rss] page 2: +3, older=4, total=10
[rss] collected 10 article(s), future_or_today=1, excluded_guides=5
[rss] selected 10 article(s)
[dragons_dogma_2_performance_on_switch_2_is_excee_f5c14072] open https://www.videogameschronicle.com/news/dragons-dogma-2-performance-on-switch-2-is-exceeding-our-expectations-says-producer/
[xbox_has_removed_tony_hawk_12_from_its_upcoming_663e4942] open https://www.videogameschronicle.com/news/xbox-has-removed-tony-hawk-12-from-its-upcoming-game-pass-releases/
[dead_space_creator_glen_schofield_is_retiring_af_806669de] open https://www.videogameschronicle.com/news/dead-space-creator-glen-schofield-is-retiring-after-35-years/
[the_next_pokemon_pokopia_event_has_been_announce_d81b5485] open https://www.videogameschronicle.com/news/the-next-pokemon-pokopia-event-has-been-announced-starring-zorua/
[forza_horizon_6_leaderboards_are_being_wiped_as_5281450e] open https://www.videogameschronicle.com/news/forza-horizon-6-leaderboards-are-being-wiped-as-playground-games-patches-out-exploits/
[new_survey_claims_100_of_japanese_online_game_de_e781c70e] open https://www.videogameschronicle.com/news/new-survey-claims-100-of-japanese-online-game-developers-use-generative-ai-tools/
[gta_6_console_only_launch_isnt_anti_pc_but_a_cas_748eb5c5] open https://www.videogameschronicle.com/news/gta-6-console-only-launch-isnt-anti-pc-but-a-case-of-resource-management-ex-rockstar-producer-says/
[nvidias_jensen_huang_reunites_with_sega_exec_who_291490da] open https://www.videogameschronicle.com/news/nvidias-jensen-huang-reunites-with-sega-exec-who-saved-the-company-with-5m-investment/
[fromsoftwares_the_duskbloods_gets_a_network_test_d7f8635c] open https://www.videogameschronicle.com/news/fromsoftwares-the-duskbloods-gets-a-network-test-this-august/
[julys_ps_plus_game_catalog_titles_include_rise_o_5a9e961d] open https://www.videogameschronicle.com/news/julys-ps-plus-game-catalog-titles-include-rise-of-the-ronin-and-avatar-frontiers-of-pandora/
[done] ok=0 fail=10 output=C:\Users\Admin\Documents\AI游戏行业周月报\news_data\industry_news\2026-07-15
