# industry_news/vgc failed at 2026-06-30T00:08:42.557382+00:00
# command: C:\Users\Admin\AppData\Local\Programs\Python\Python314\python.exe C:\Users\Admin\Documents\AI游戏行业周月报\collectors\vgc.py --out C:\Users\Admin\Documents\AI游戏行业周月报\news_data\industry_news\2026-06-29 --max-pages 20 --preset yesterday
# returncode: 1

[cd_projekt_announces_plans_to_change_its_name_to_494e634b] failed: RuntimeError('article content selector not found; source structure may have changed')
[full_marvel_tokon_fighting_souls_roster] failed: RuntimeError('article content selector not found; source structure may have changed')
[virtua_fighter_crossroads_reveals_new_playable_c_0a47bc9b] failed: RuntimeError('article content selector not found; source structure may have changed')
[xbox_reportedly_pausing_new_third_party_game_pas_b2901eda] failed: RuntimeError('article content selector not found; source structure may have changed')
[ram_manufacturers_have_been_sued_for_allegedly_f_ba751ad0] failed: RuntimeError('article content selector not found; source structure may have changed')
[cyberpunk_edgerunners_2_confirms_fall_release_as_4a768a5f] failed: RuntimeError('article content selector not found; source structure may have changed')
[star_fox_tops_the_uk_charts_with_far_better_week_4d062386] failed: RuntimeError('article content selector not found; source structure may have changed')
[onimusha_producer_surprised_by_septembers_packed_bcc47391] failed: RuntimeError('article content selector not found; source structure may have changed')
[sony_says_it_doesnt_plan_to_sell_hardware_at_sig_8530b559] failed: RuntimeError('article content selector not found; source structure may have changed')
[ps5_captures_75_80_of_aaa_single_player_launch_s_70c2d4d5] failed: RuntimeError('article content selector not found; source structure may have changed')
[koei_tecmo_is_working_on_a_new_action_ip_codenam_d6433496] failed: RuntimeError('article content selector not found; source structure may have changed')
[nintendos_splatoon_raiders_nintendo_direct_prese_7879cb76] failed: RuntimeError('article content selector not found; source structure may have changed')
[the_ceo_of_the_dark_pictures_and_until_dawn_stud_48f2b422] failed: RuntimeError('article content selector not found; source structure may have changed')
[config] window: 2026-06-29 00:00:00 <= published < 2026-06-30 00:00:00
[config] output: C:\Users\Admin\Documents\AI游戏行业周月报\news_data\industry_news\2026-06-29
[rss] open https://www.videogameschronicle.com/feed/
[rss] page 1: +6, older=0, total=6
[rss] open https://www.videogameschronicle.com/feed/?paged=2
[rss] page 2: +7, older=3, total=13
[rss] collected 13 article(s), future_or_today=2, excluded_guides=2
[rss] selected 13 article(s)
[cd_projekt_announces_plans_to_change_its_name_to_494e634b] open https://www.videogameschronicle.com/news/cd-projekt-announces-plans-to-change-its-name-to-ensure-consistency/
[full_marvel_tokon_fighting_souls_roster] open https://www.videogameschronicle.com/news/full-marvel-tokon-fighting-souls-roster/
[virtua_fighter_crossroads_reveals_new_playable_c_0a47bc9b] open https://www.videogameschronicle.com/news/virtua-fighter-crossroads-reveals-new-playable-character-bakunawa-killer-at-evo-2025/
[xbox_reportedly_pausing_new_third_party_game_pas_b2901eda] open https://www.videogameschronicle.com/news/xbox-reportedly-pausing-new-third-party-game-pass-deals-developers-say/
[ram_manufacturers_have_been_sued_for_allegedly_f_ba751ad0] open https://www.videogameschronicle.com/news/ram-manufacturers-have-been-sued-for-allegedly-fixing-prices-and-supply-leading-to-increased-costs/
[cyberpunk_edgerunners_2_confirms_fall_release_as_4a768a5f] open https://www.videogameschronicle.com/news/cyberpunk-edgerunners-2-confirms-fall-release-as-four-new-characters-are-introduced/
[star_fox_tops_the_uk_charts_with_far_better_week_4d062386] open https://www.videogameschronicle.com/news/star-fox-tops-the-uk-charts-with-far-better-week-1-sales-than-star-fox-zero-and-star-fox-64-3d/
[onimusha_producer_surprised_by_septembers_packed_bcc47391] open https://www.videogameschronicle.com/news/onimusha-producer-surprised-by-septembers-packed-release-window-but-says-hes-not-worried/
[sony_says_it_doesnt_plan_to_sell_hardware_at_sig_8530b559] open https://www.videogameschronicle.com/news/sony-says-it-doesnt-plan-to-sell-hardware-at-significant-losses-but-is-monitoring-the-market-with-ps6-in-mind/
[ps5_captures_75_80_of_aaa_single_player_launch_s_70c2d4d5] open https://www.videogameschronicle.com/news/ps5-captures-75-80-of-aaa-single-player-launch-sales-versus-xbox/
[koei_tecmo_is_working_on_a_new_action_ip_codenam_d6433496] open https://www.videogameschronicle.com/news/koei-tecmo-is-working-on-a-new-action-ip-codenamed-fuji/
[nintendos_splatoon_raiders_nintendo_direct_prese_7879cb76] open https://www.videogameschronicle.com/news/nintendos-splatoon-raiders-nintendo-direct-presentation-takes-place-this-week/
[the_ceo_of_the_dark_pictures_and_until_dawn_stud_48f2b422] open https://www.videogameschronicle.com/news/the-ceo-of-the-dark-pictures-and-until-dawn-studio-supermassive-games-has-stepped-down/
[done] ok=0 fail=13 output=C:\Users\Admin\Documents\AI游戏行业周月报\news_data\industry_news\2026-06-29
