# industry_news/vgc failed at 2026-06-28T00:06:09.781256+00:00
# command: C:\Users\Admin\AppData\Local\Programs\Python\Python314\python.exe C:\Users\Admin\Documents\AI游戏行业周月报\collectors\vgc.py --out C:\Users\Admin\Documents\AI游戏行业周月报\news_data\industry_news\2026-06-27 --max-pages 20 --preset yesterday
# returncode: 1

[gta_6_disc_hopes_dashed_as_report_disputes_post_05673e1b] failed: RuntimeError('article content selector not found; source structure may have changed')
[playstations_ceo_says_its_not_giving_up_on_live_566fbed1] failed: RuntimeError('article content selector not found; source structure may have changed')
[the_sonic_movies_producer_is_turning_tetris_into_52acdd45] failed: RuntimeError('article content selector not found; source structure may have changed')
[star_wars_eclipse_in_danger_of_cancellation_clai_231a2ca0] failed: RuntimeError('article content selector not found; source structure may have changed')
[sony_is_deleting_over_550_purchased_movies_from_ad7344a9] failed: RuntimeError('article content selector not found; source structure may have changed')
[as_xbox_series_x_hits_800_lenovo_warns_memory_pr_60c2f0e6] failed: RuntimeError('article content selector not found; source structure may have changed')
[config] window: 2026-06-27 00:00:00 <= published < 2026-06-28 00:00:00
[config] output: C:\Users\Admin\Documents\AI游戏行业周月报\news_data\industry_news\2026-06-27
[rss] open https://www.videogameschronicle.com/feed/
[rss] page 1: +6, older=4, total=6
[rss] collected 6 article(s), future_or_today=0, excluded_guides=0
[rss] selected 6 article(s)
[gta_6_disc_hopes_dashed_as_report_disputes_post_05673e1b] open https://www.videogameschronicle.com/news/gta-6-disc-hopes-dashed-as-report-disputes-post-launch-physical-release/
[playstations_ceo_says_its_not_giving_up_on_live_566fbed1] open https://www.videogameschronicle.com/news/playstations-ceo-says-its-not-giving-up-on-live-service-games/
[the_sonic_movies_producer_is_turning_tetris_into_52acdd45] open https://www.videogameschronicle.com/news/the-sonic-movies-producer-is-turning-tetris-into-a-cg-animated-adventure-series/
[star_wars_eclipse_in_danger_of_cancellation_clai_231a2ca0] open https://www.videogameschronicle.com/news/star-wars-eclipse-in-danger-of-cancellation-claim-striking-quantic-dream-developers/
[sony_is_deleting_over_550_purchased_movies_from_ad7344a9] open https://www.videogameschronicle.com/news/sony-is-deleting-over-550-purchased-movies-from-ps5-users-digital-libraries/
[as_xbox_series_x_hits_800_lenovo_warns_memory_pr_60c2f0e6] open https://www.videogameschronicle.com/news/as-xbox-series-x-hits-800-lenovo-warns-memory-prices-will-likely-never-return-to-normal/
[done] ok=0 fail=6 output=C:\Users\Admin\Documents\AI游戏行业周月报\news_data\industry_news\2026-06-27
