# industry_news/vgc failed at 2026-08-11T00:04:40.642737+00:00
# command: C:\Users\Admin\AppData\Local\Programs\Python\Python314\python.exe C:\Users\Admin\Documents\AI游戏行业周月报\collectors\vgc.py --out C:\Users\Admin\Documents\AI游戏行业周月报\news_data\industry_news\2026-08-10 --max-pages 20 --preset yesterday
# returncode: 1

[blizzard_is_reportedly_xboxs_best_performing_stu_b73f43f8] diagnostic {"kind": "blocked_cloudflare", "status": 403, "title": "Just a moment...", "final_url": "https://www.videogameschronicle.com/news/blizzard-is-reportedly-xboxs-best-performing-studio-says-revenue-in-its-last-fiscal-year-was-its-third-highest-ever/?__cf_chl_rt_tk=VCi0fu_3Uijm9y367hhknlbYyqDyi1cqXpd1ohKZHLE-1786406672-1.0.1.1-7S5iu6GNOWeMNemsrebI4nxiNAATf_acAF7DXHOe0eE", "body_preview": ""}
[aliens_fireteam_elites_cloud_version_on_switch_h_5e50c844] RSS fallback failed: OSError(22, 'Invalid argument')
[config] window: 2026-08-10 00:00:00 <= published < 2026-08-11 00:00:00
[config] output: C:\Users\Admin\Documents\AI游戏行业周月报\news_data\industry_news\2026-08-10
[rss] open https://www.videogameschronicle.com/feed/
[rss] page 1: +7, older=1, total=7
[rss] collected 7 article(s), future_or_today=1, excluded_guides=1
[rss] selected 7 article(s)
[blizzard_is_reportedly_xboxs_best_performing_stu_b73f43f8] open https://www.videogameschronicle.com/news/blizzard-is-reportedly-xboxs-best-performing-studio-says-revenue-in-its-last-fiscal-year-was-its-third-highest-ever/
[blizzard_is_reportedly_xboxs_best_performing_stu_b73f43f8] detail unavailable; saved RSS summary fallback
[i_dont_think_this_is_a_good_idea_veteran_bethesd_c0dfe2fa] open https://www.videogameschronicle.com/news/i-dont-think-this-is-a-good-idea-veteran-bethesda-world-artist-says-starfield-having-1000-planets-was-the-wrong-move/
[i_dont_think_this_is_a_good_idea_veteran_bethesd_c0dfe2fa] detail unavailable; saved RSS summary fallback
[sandisk_is_the_third_company_to_release_xbox_ser_83a00529] open https://www.videogameschronicle.com/news/sandisk-is-the-third-company-to-release-xbox-series-x-s-expansion-cards-with-2tb-storage-costing-340/
[sandisk_is_the_third_company_to_release_xbox_ser_83a00529] detail unavailable; saved RSS summary fallback
[aliens_fireteam_elites_cloud_version_on_switch_h_5e50c844] open https://www.videogameschronicle.com/news/aliens-fireteam-elites-cloud-version-on-switch-has-been-shut-down-making-it-unplayable-for-those-who-bought-it/
[valve_tells_steam_hardware_customers_in_europe_t_e14409f9] open https://www.videogameschronicle.com/news/valve-tells-steam-hardware-customers-in-europe-that-their-data-may-have-leaked-in-a-cyber-attack/
[valve_tells_steam_hardware_customers_in_europe_t_e14409f9] detail unavailable; saved RSS summary fallback
[i_am_truly_grateful_hello_games_ceo_sean_murray_aeb4b00f] open https://www.videogameschronicle.com/news/i-am-truly-grateful-hello-games-ceo-sean-murray-thanks-players-on-no-mans-skys-10th-anniversary/
[i_am_truly_grateful_hello_games_ceo_sean_murray_aeb4b00f] detail unavailable; saved RSS summary fallback
[classic_indie_game_knytt_has_received_a_20th_ann_bea0c8ff] open https://www.videogameschronicle.com/news/classic-indie-game-knytt-has-received-a-20th-anniversary-update-for-modern-pcs-and-its-entirely-free/
[classic_indie_game_knytt_has_received_a_20th_ann_bea0c8ff] detail unavailable; saved RSS summary fallback
[health] degraded reason=detail_unavailable full=0 rss_summary=6
[done] ok=6 full=0 fallback=6 fail=1 output=C:\Users\Admin\Documents\AI游戏行业周月报\news_data\industry_news\2026-08-10
