# industry_news/youxiputao_sohu failed at 2026-08-11T00:02:34.570151+00:00
# command: C:\Users\Admin\AppData\Local\Programs\Python\Python314\python.exe C:\Users\Admin\Documents\AI游戏行业周月报\collectors\youxiputao_sohu.py --out C:\Users\Admin\Documents\AI游戏行业周月报\news_data\industry_news\2026-08-10 --max-pages 3 --preset yesterday
# returncode: 1

[config] window: 2026-08-10 00:00:00 <= published < 2026-08-11 00:00:00
[config] output: C:\Users\Admin\Documents\AI游戏行业周月报\news_data\industry_news\2026-08-10
[list] open https://m.sohu.com/media/204824
Traceback (most recent call last):
  File "C:\Users\Admin\Documents\AI游戏行业周月报\collectors\youxiputao_sohu.py", line 165, in collect_news_items
    await page.wait_for_selector('.FeedImgTextItem a[href*="/a/"]', timeout=15_000)
  File "C:\Users\Admin\AppData\Local\Programs\Python\Python314\Lib\site-packages\playwright\async_api\_generated.py", line 8795, in wait_for_selector
    await self._impl_obj.wait_for_selector(
    ...<4 lines>...
    )
  File "C:\Users\Admin\AppData\Local\Programs\Python\Python314\Lib\site-packages\playwright\_impl\_page.py", line 424, in wait_for_selector
    return await self._main_frame.wait_for_selector(**locals_to_params(locals()))
           ^^^^^^^^^^^^^^^^^^^^^^^^^^^^^^^^^^^^^^^^^^^^^^^^^^^^^^^^^^^^^^^^^^^^^^
  File "C:\Users\Admin\AppData\Local\Programs\Python\Python314\Lib\site-packages\playwright\_impl\_frame.py", line 372, in wait_for_selector
    await self._channel.send(
        "waitForSelector", self._timeout, locals_to_params(locals())
    )
  File "C:\Users\Admin\AppData\Local\Programs\Python\Python314\Lib\site-packages\playwright\_impl\_connection.py", line 69, in send
    return await self._connection.wrap_api_call(
           ^^^^^^^^^^^^^^^^^^^^^^^^^^^^^^^^^^^^^
    ...<3 lines>...
    )
    ^
  File "C:\Users\Admin\AppData\Local\Programs\Python\Python314\Lib\site-packages\playwright\_impl\_connection.py", line 559, in wrap_api_call
    raise rewrite_error(error, f"{parsed_st['apiName']}: {error}") from None
playwright._impl._errors.TimeoutError: Page.wait_for_selector: Timeout 15000ms exceeded.
Call log:
  - waiting for locator(".FeedImgTextItem a[href*=\"/a/\"]") to be visible


The above exception was the direct cause of the following exception:

Traceback (most recent call last):
  File "C:\Users\Admin\Documents\AI游戏行业周月报\collectors\youxiputao_sohu.py", line 457, in <module>
    asyncio.run(main())
    ~~~~~~~~~~~^^^^^^^^
  File "C:\Users\Admin\AppData\Local\Programs\Python\Python314\Lib\asyncio\runners.py", line 204, in run
    return runner.run(main)
           ~~~~~~~~~~^^^^^^
  File "C:\Users\Admin\AppData\Local\Programs\Python\Python314\Lib\asyncio\runners.py", line 127, in run
    return self._loop.run_until_complete(task)
           ~~~~~~~~~~~~~~~~~~~~~~~~~~~~~^^^^^^
  File "C:\Users\Admin\AppData\Local\Programs\Python\Python314\Lib\asyncio\base_events.py", line 719, in run_until_complete
    return future.result()
           ~~~~~~~~~~~~~^^
  File "C:\Users\Admin\Documents\AI游戏行业周月报\collectors\youxiputao_sohu.py", line 433, in main
    items = await collect_news_items(list_page, since, until, args.max_pages)
            ^^^^^^^^^^^^^^^^^^^^^^^^^^^^^^^^^^^^^^^^^^^^^^^^^^^^^^^^^^^^^^^^^
  File "C:\Users\Admin\Documents\AI游戏行业周月报\collectors\youxiputao_sohu.py", line 167, in collect_news_items
    raise RuntimeError("no Sohu media article results found; source structure may have changed") from exc
RuntimeError: no Sohu media article results found; source structure may have changed
