# industry_news/vgc failed at 2026-07-18T00:08:58.486883+00:00
# command: C:\Users\Admin\AppData\Local\Programs\Python\Python314\python.exe C:\Users\Admin\Documents\AI游戏行业周月报\collectors\vgc.py --out C:\Users\Admin\Documents\AI游戏行业周月报\news_data\industry_news\2026-07-17 --max-pages 20 --preset yesterday
# returncode: 1

[david_beckham_is_the_latest_footballer_to_arrive_6294aa84] failed: RuntimeError('article content selector not found; source structure may have changed')
[assassins_creed_black_flag_resynced_new_game_plu_71f55967] failed: RuntimeError('article content selector not found; source structure may have changed')
[fortnite_has_started_adding_ai_voices_to_its_npc_02e5cb96] failed: RuntimeError('article content selector not found; source structure may have changed')
[the_live_action_god_of_war_show_is_recasting_kra_34eaff0d] failed: RuntimeError('article content selector not found; source structure may have changed')
[sony_killing_physical_games_doesnt_matter_at_all_acb39c2f] failed: RuntimeError('article content selector not found; source structure may have changed')
[microsoft_restores_hacked_account_and_baby_pictu_dc48315e] failed: RuntimeError('article content selector not found; source structure may have changed')
[miis_are_back_in_nintendo_switch_sports_resort_w_a72191b5] failed: RuntimeError('article content selector not found; source structure may have changed')
[podcast_will_game_retailers_survive_the_discless_8b6a34ed] failed: RuntimeError('article content selector not found; source structure may have changed')
[european_union_set_to_approve_saudi_pif_acquisit_5270db2d] failed: RuntimeError('article content selector not found; source structure may have changed')
[final_fantasy_14_mobiles_global_launch_has_been_a05a83fa] failed: RuntimeError('article content selector not found; source structure may have changed')
[bethesda_confirms_obsidian_fallout_game_and_that_38c4a862] failed: RuntimeError('article content selector not found; source structure may have changed')
[fallout_3_and_new_vegas_remasters_now_in_develop_90d31378] failed: RuntimeError('article content selector not found; source structure may have changed')
[config] window: 2026-07-17 00:00:00 <= published < 2026-07-18 00:00:00
[config] output: C:\Users\Admin\Documents\AI游戏行业周月报\news_data\industry_news\2026-07-17
[rss] open https://www.videogameschronicle.com/feed/
[rss] page 1: +7, older=0, total=7
[rss] open https://www.videogameschronicle.com/feed/?paged=2
[rss] page 2: +5, older=4, total=12
[rss] collected 12 article(s), future_or_today=0, excluded_guides=4
[rss] selected 12 article(s)
[david_beckham_is_the_latest_footballer_to_arrive_6294aa84] open https://www.videogameschronicle.com/news/david-beckham-is-the-latest-footballer-to-arrive-in-fortnite/
[assassins_creed_black_flag_resynced_new_game_plu_71f55967] open https://www.videogameschronicle.com/news/assassins-creed-black-flag-resynced-new-game-plus-mode/
[fortnite_has_started_adding_ai_voices_to_its_npc_02e5cb96] open https://www.videogameschronicle.com/news/fortnite-has-started-adding-ai-voices-to-its-npcs-for-an-upcoming-conversations-feature/
[the_live_action_god_of_war_show_is_recasting_kra_34eaff0d] open https://www.videogameschronicle.com/news/the-live-action-god-of-war-show-is-recasting-kratos-after-ryan-hurst-was-injured-on-the-set/
[sony_killing_physical_games_doesnt_matter_at_all_acb39c2f] open https://www.videogameschronicle.com/news/sony-killing-physical-games-doesnt-matter-at-all-says-gamestop-ceo/
[microsoft_restores_hacked_account_and_baby_pictu_dc48315e] open https://www.videogameschronicle.com/news/microsoft-restores-hacked-account-and-baby-pictures-but-owner-little-bit-shady/
[miis_are_back_in_nintendo_switch_sports_resort_w_a72191b5] open https://www.videogameschronicle.com/news/miis-are-back-in-nintendo-switch-sports-resort-with-really-weird-proportions/
[podcast_will_game_retailers_survive_the_discless_8b6a34ed] open https://www.videogameschronicle.com/blog/podcast/podcast-will-game-retailers-survive-the-discless-future/
[european_union_set_to_approve_saudi_pif_acquisit_5270db2d] open https://www.videogameschronicle.com/news/european-union-set-to-approve-saudi-pif-acquisition-of-electronic-arts-according-to-report/
[final_fantasy_14_mobiles_global_launch_has_been_a05a83fa] open https://www.videogameschronicle.com/news/final-fantasy-14-mobiles-global-launch-has-been-cancelled/
[bethesda_confirms_obsidian_fallout_game_and_that_38c4a862] open https://www.videogameschronicle.com/news/bethesda-confirms-obsidian-fallout-game-and-that-fallout-5-is-in-preproduction/
[fallout_3_and_new_vegas_remasters_now_in_develop_90d31378] open https://www.videogameschronicle.com/news/fallout-3-and-new-vegas-remasters-now-in-development/
[done] ok=0 fail=12 output=C:\Users\Admin\Documents\AI游戏行业周月报\news_data\industry_news\2026-07-17
