# industry_news/vgc failed at 2026-07-17T00:07:28.632119+00:00
# command: C:\Users\Admin\AppData\Local\Programs\Python\Python314\python.exe C:\Users\Admin\Documents\AI游戏行业周月报\collectors\vgc.py --out C:\Users\Admin\Documents\AI游戏行业周月报\news_data\industry_news\2026-07-16 --max-pages 20 --preset yesterday
# returncode: 1

[laid_off_elder_scrolls_online_dev_says_players_w_a1db83bc] failed: RuntimeError('article content selector not found; source structure may have changed')
[indie_developers_ps5_game_trailer_is_flooded_wit_8515f6ef] failed: RuntimeError('article content selector not found; source structure may have changed')
[street_fighter_6_is_getting_fragrances_that_make_7bbbddcd] failed: RuntimeError('article content selector not found; source structure may have changed')
[mario_tennis_fever_update_adds_new_super_mario_g_5d4bb77b] failed: RuntimeError('article content selector not found; source structure may have changed')
[analytics_firm_says_gta_6_has_the_strongest_pre_1c4902a1] failed: RuntimeError('article content selector not found; source structure may have changed')
[nintendo_support_articles_show_inside_new_switch_7ae3587a] failed: RuntimeError('article content selector not found; source structure may have changed')
[config] window: 2026-07-16 00:00:00 <= published < 2026-07-17 00:00:00
[config] output: C:\Users\Admin\Documents\AI游戏行业周月报\news_data\industry_news\2026-07-16
[rss] open https://www.videogameschronicle.com/feed/
[rss] page 1: +4, older=0, total=4
[rss] open https://www.videogameschronicle.com/feed/?paged=2
[rss] page 2: +2, older=8, total=6
[rss] collected 6 article(s), future_or_today=2, excluded_guides=4
[rss] selected 6 article(s)
[laid_off_elder_scrolls_online_dev_says_players_w_a1db83bc] open https://www.videogameschronicle.com/news/laid-off-elder-scrolls-online-dev-says-players-wont-get-new-content-at-anything-approaching-the-previous-rate/
[indie_developers_ps5_game_trailer_is_flooded_wit_8515f6ef] open https://www.videogameschronicle.com/news/indie-developers-ps5-game-trailer-is-flooded-with-anti-sony-comments-over-disc-backlash/
[street_fighter_6_is_getting_fragrances_that_make_7bbbddcd] open https://www.videogameschronicle.com/news/street-fighter-6-is-getting-fragrances-that-make-your-room-smell-like-a-characters-fighting-style/
[mario_tennis_fever_update_adds_new_super_mario_g_5d4bb77b] open https://www.videogameschronicle.com/news/mario-tennis-fever-update-adds-new-super-mario-galaxy-themed-court-racket-and-match-type/
[analytics_firm_says_gta_6_has_the_strongest_pre_1c4902a1] open https://www.videogameschronicle.com/news/analytics-firm-says-gta-6-has-the-strongest-pre-order-campaign-on-record-is-on-track-to-sell-37-51-million-in-its-first-week/
[nintendo_support_articles_show_inside_new_switch_7ae3587a] open https://www.videogameschronicle.com/news/nintendo-support-articles-show-inside-new-switch-joy-cons-with-removable-battery/
[done] ok=0 fail=6 output=C:\Users\Admin\Documents\AI游戏行业周月报\news_data\industry_news\2026-07-16
