# release_calendar/wanjiang_16p_newgame failed at 2026-08-20T00:15:51.478260+00:00
# command: C:\Users\Admin\AppData\Local\Programs\Python\Python314\python.exe C:\Users\Admin\Documents\AI游戏行业周月报\collectors\wanjiang_16p_newgame.py --out C:\Users\Admin\Documents\AI游戏行业周月报\news_data\release_calendar\2026-08-19 --max-pages 5 --preset yesterday
# returncode: 1

[api] retry 1/3 after 16p API error: The read operation timed out
[api] retry 2/3 after 16p API error: The read operation timed out
[config] window: 2026-08-19 00:00:00 <= event < 2026-08-20 00:00:00
[config] tabs: 国内游戏, 海外游戏; Steam游戏 skipped
[config] output: C:\Users\Admin\Documents\AI游戏行业周月报\news_data\release_calendar\2026-08-19
Traceback (most recent call last):
  File "C:\Users\Admin\Documents\AI游戏行业周月报\collectors\wanjiang_16p_newgame.py", line 108, in fetch_json
    with urlopen(request, timeout=30) as response:
         ~~~~~~~^^^^^^^^^^^^^^^^^^^^^
  File "C:\Users\Admin\AppData\Local\Programs\Python\Python314\Lib\urllib\request.py", line 187, in urlopen
    return opener.open(url, data, timeout)
           ~~~~~~~~~~~^^^^^^^^^^^^^^^^^^^^
  File "C:\Users\Admin\AppData\Local\Programs\Python\Python314\Lib\urllib\request.py", line 487, in open
    response = self._open(req, data)
  File "C:\Users\Admin\AppData\Local\Programs\Python\Python314\Lib\urllib\request.py", line 504, in _open
    result = self._call_chain(self.handle_open, protocol, protocol +
                              '_open', req)
  File "C:\Users\Admin\AppData\Local\Programs\Python\Python314\Lib\urllib\request.py", line 464, in _call_chain
    result = func(*args)
  File "C:\Users\Admin\AppData\Local\Programs\Python\Python314\Lib\urllib\request.py", line 1369, in https_open
    return self.do_open(http.client.HTTPSConnection, req,
           ~~~~~~~~~~~~^^^^^^^^^^^^^^^^^^^^^^^^^^^^^^^^^^
                        context=self._context)
                        ^^^^^^^^^^^^^^^^^^^^^^
  File "C:\Users\Admin\AppData\Local\Programs\Python\Python314\Lib\urllib\request.py", line 1325, in do_open
    r = h.getresponse()
  File "C:\Users\Admin\AppData\Local\Programs\Python\Python314\Lib\http\client.py", line 1459, in getresponse
    response.begin()
    ~~~~~~~~~~~~~~^^
  File "C:\Users\Admin\AppData\Local\Programs\Python\Python314\Lib\http\client.py", line 336, in begin
    version, status, reason = self._read_status()
                              ~~~~~~~~~~~~~~~~~^^
  File "C:\Users\Admin\AppData\Local\Programs\Python\Python314\Lib\http\client.py", line 297, in _read_status
    line = str(self.fp.readline(_MAXLINE + 1), "iso-8859-1")
               ~~~~~~~~~~~~~~~~^^^^^^^^^^^^^^
  File "C:\Users\Admin\AppData\Local\Programs\Python\Python314\Lib\socket.py", line 729, in readinto
    return self._sock.recv_into(b)
           ~~~~~~~~~~~~~~~~~~~~^^^
  File "C:\Users\Admin\AppData\Local\Programs\Python\Python314\Lib\ssl.py", line 1304, in recv_into
    return self.read(nbytes, buffer)
           ~~~~~~~~~^^^^^^^^^^^^^^^^
  File "C:\Users\Admin\AppData\Local\Programs\Python\Python314\Lib\ssl.py", line 1138, in read
    return self._sslobj.read(len, buffer)
           ~~~~~~~~~~~~~~~~~^^^^^^^^^^^^^
TimeoutError: The read operation timed out

The above exception was the direct cause of the following exception:

Traceback (most recent call last):
  File "C:\Users\Admin\Documents\AI游戏行业周月报\collectors\wanjiang_16p_newgame.py", line 518, in <module>
    asyncio.run(main())
    ~~~~~~~~~~~^^^^^^^^
  File "C:\Users\Admin\AppData\Local\Programs\Python\Python314\Lib\asyncio\runners.py", line 204, in run
    return runner.run(main)
           ~~~~~~~~~~^^^^^^
  File "C:\Users\Admin\AppData\Local\Programs\Python\Python314\Lib\asyncio\runners.py", line 127, in run
    return self._loop.run_until_complete(task)
           ~~~~~~~~~~~~~~~~~~~~~~~~~~~~~^^^^^^
  File "C:\Users\Admin\AppData\Local\Programs\Python\Python314\Lib\asyncio\base_events.py", line 719, in run_until_complete
    return future.result()
           ~~~~~~~~~~~~~^^
  File "C:\Users\Admin\Documents\AI游戏行业周月报\collectors\wanjiang_16p_newgame.py", line 481, in main
    events = collect_events(since, until, args.max_pages)
  File "C:\Users\Admin\Documents\AI游戏行业周月报\collectors\wanjiang_16p_newgame.py", line 201, in collect_events
    data = fetch_json({"date": start_date, "type_range": type_range, "p": page})
  File "C:\Users\Admin\Documents\AI游戏行业周月报\collectors\wanjiang_16p_newgame.py", line 115, in fetch_json
    raise RuntimeError(f"failed to fetch 16p newgame API: {url}: {last_exc}") from last_exc
RuntimeError: failed to fetch 16p newgame API: https://www.16p.com/gamecenter/api/test_game?date=2026-08-19&type_range=2&p=1: The read operation timed out
