# release_calendar/wanjiang_16p_newgame failed at 2026-08-23T00:10:36.850514+00:00
# command: C:\Users\Admin\AppData\Local\Programs\Python\Python314\python.exe C:\Users\Admin\Documents\AI游戏行业周月报\collectors\wanjiang_16p_newgame.py --out C:\Users\Admin\Documents\AI游戏行业周月报\news_data\release_calendar\2026-08-22 --max-pages 5 --preset yesterday
# returncode: 1

[api] retry 1/3 after 16p API error: <urlopen error [SSL: CERTIFICATE_VERIFY_FAILED] certificate verify failed: certificate has expired (_ssl.c:1081)>
[api] retry 2/3 after 16p API error: <urlopen error [SSL: CERTIFICATE_VERIFY_FAILED] certificate verify failed: certificate has expired (_ssl.c:1081)>
[config] window: 2026-08-22 00:00:00 <= event < 2026-08-23 00:00:00
[config] tabs: 国内游戏, 海外游戏; Steam游戏 skipped
[config] output: C:\Users\Admin\Documents\AI游戏行业周月报\news_data\release_calendar\2026-08-22
Traceback (most recent call last):
  File "C:\Users\Admin\AppData\Local\Programs\Python\Python314\Lib\urllib\request.py", line 1321, in do_open
    h.request(req.get_method(), req.selector, req.data, headers,
    ~~~~~~~~~^^^^^^^^^^^^^^^^^^^^^^^^^^^^^^^^^^^^^^^^^^^^^^^^^^^
              encode_chunked=req.has_header('Transfer-encoding'))
              ^^^^^^^^^^^^^^^^^^^^^^^^^^^^^^^^^^^^^^^^^^^^^^^^^^^
  File "C:\Users\Admin\AppData\Local\Programs\Python\Python314\Lib\http\client.py", line 1367, in request
    self._send_request(method, url, body, headers, encode_chunked)
    ~~~~~~~~~~~~~~~~~~^^^^^^^^^^^^^^^^^^^^^^^^^^^^^^^^^^^^^^^^^^^^
  File "C:\Users\Admin\AppData\Local\Programs\Python\Python314\Lib\http\client.py", line 1413, in _send_request
    self.endheaders(body, encode_chunked=encode_chunked)
    ~~~~~~~~~~~~~~~^^^^^^^^^^^^^^^^^^^^^^^^^^^^^^^^^^^^^
  File "C:\Users\Admin\AppData\Local\Programs\Python\Python314\Lib\http\client.py", line 1362, in endheaders
    self._send_output(message_body, encode_chunked=encode_chunked)
    ~~~~~~~~~~~~~~~~~^^^^^^^^^^^^^^^^^^^^^^^^^^^^^^^^^^^^^^^^^^^^^
  File "C:\Users\Admin\AppData\Local\Programs\Python\Python314\Lib\http\client.py", line 1122, in _send_output
    self.send(msg)
    ~~~~~~~~~^^^^^
  File "C:\Users\Admin\AppData\Local\Programs\Python\Python314\Lib\http\client.py", line 1066, in send
    self.connect()
    ~~~~~~~~~~~~^^
  File "C:\Users\Admin\AppData\Local\Programs\Python\Python314\Lib\http\client.py", line 1508, in connect
    self.sock = self._context.wrap_socket(self.sock,
                ~~~~~~~~~~~~~~~~~~~~~~~~~^^^^^^^^^^^
                                          server_hostname=server_hostname)
                                          ^^^^^^^^^^^^^^^^^^^^^^^^^^^^^^^^
  File "C:\Users\Admin\AppData\Local\Programs\Python\Python314\Lib\ssl.py", line 455, in wrap_socket
    return self.sslsocket_class._create(
           ~~~~~~~~~~~~~~~~~~~~~~~~~~~~^
        sock=sock,
        ^^^^^^^^^^
    ...<5 lines>...
        session=session
        ^^^^^^^^^^^^^^^
    )
    ^
  File "C:\Users\Admin\AppData\Local\Programs\Python\Python314\Lib\ssl.py", line 1076, in _create
    self.do_handshake()
    ~~~~~~~~~~~~~~~~~^^
  File "C:\Users\Admin\AppData\Local\Programs\Python\Python314\Lib\ssl.py", line 1372, in do_handshake
    self._sslobj.do_handshake()
    ~~~~~~~~~~~~~~~~~~~~~~~~~^^
ssl.SSLCertVerificationError: [SSL: CERTIFICATE_VERIFY_FAILED] certificate verify failed: certificate has expired (_ssl.c:1081)

During handling of the above exception, another exception occurred:

Traceback (most recent call last):
  File "C:\Users\Admin\Documents\AI游戏行业周月报\collectors\wanjiang_16p_newgame.py", line 108, in fetch_json
    with urlopen(request, timeout=30) as response:
         ~~~~~~~^^^^^^^^^^^^^^^^^^^^^
  File "C:\Users\Admin\AppData\Local\Programs\Python\Python314\Lib\urllib\request.py", line 187, in urlopen
    return opener.open(url, data, timeout)
           ~~~~~~~~~~~^^^^^^^^^^^^^^^^^^^^
  File "C:\Users\Admin\AppData\Local\Programs\Python\Python314\Lib\urllib\request.py", line 487, in open
    response = self._open(req, data)
  File "C:\Users\Admin\AppData\Local\Programs\Python\Python314\Lib\urllib\request.py", line 504, in _open
    result = self._call_chain(self.handle_open, protocol, protocol +
                              '_open', req)
  File "C:\Users\Admin\AppData\Local\Programs\Python\Python314\Lib\urllib\request.py", line 464, in _call_chain
    result = func(*args)
  File "C:\Users\Admin\AppData\Local\Programs\Python\Python314\Lib\urllib\request.py", line 1369, in https_open
    return self.do_open(http.client.HTTPSConnection, req,
           ~~~~~~~~~~~~^^^^^^^^^^^^^^^^^^^^^^^^^^^^^^^^^^
                        context=self._context)
                        ^^^^^^^^^^^^^^^^^^^^^^
  File "C:\Users\Admin\AppData\Local\Programs\Python\Python314\Lib\urllib\request.py", line 1324, in do_open
    raise URLError(err)
urllib.error.URLError: <urlopen error [SSL: CERTIFICATE_VERIFY_FAILED] certificate verify failed: certificate has expired (_ssl.c:1081)>

The above exception was the direct cause of the following exception:

Traceback (most recent call last):
  File "C:\Users\Admin\Documents\AI游戏行业周月报\collectors\wanjiang_16p_newgame.py", line 518, in <module>
    asyncio.run(main())
    ~~~~~~~~~~~^^^^^^^^
  File "C:\Users\Admin\AppData\Local\Programs\Python\Python314\Lib\asyncio\runners.py", line 204, in run
    return runner.run(main)
           ~~~~~~~~~~^^^^^^
  File "C:\Users\Admin\AppData\Local\Programs\Python\Python314\Lib\asyncio\runners.py", line 127, in run
    return self._loop.run_until_complete(task)
           ~~~~~~~~~~~~~~~~~~~~~~~~~~~~~^^^^^^
  File "C:\Users\Admin\AppData\Local\Programs\Python\Python314\Lib\asyncio\base_events.py", line 719, in run_until_complete
    return future.result()
           ~~~~~~~~~~~~~^^
  File "C:\Users\Admin\Documents\AI游戏行业周月报\collectors\wanjiang_16p_newgame.py", line 481, in main
    events = collect_events(since, until, args.max_pages)
  File "C:\Users\Admin\Documents\AI游戏行业周月报\collectors\wanjiang_16p_newgame.py", line 201, in collect_events
    data = fetch_json({"date": start_date, "type_range": type_range, "p": page})
  File "C:\Users\Admin\Documents\AI游戏行业周月报\collectors\wanjiang_16p_newgame.py", line 115, in fetch_json
    raise RuntimeError(f"failed to fetch 16p newgame API: {url}: {last_exc}") from last_exc
RuntimeError: failed to fetch 16p newgame API: https://www.16p.com/gamecenter/api/test_game?date=2026-08-22&type_range=2&p=1: <urlopen error [SSL: CERTIFICATE_VERIFY_FAILED] certificate verify failed: certificate has expired (_ssl.c:1081)>
