# industry_news/nadianshi failed at 2026-09-25T00:10:19.358047+00:00
# command: C:\Users\Admin\AppData\Local\Programs\Python\Python314\python.exe C:\Users\Admin\Documents\AI游戏行业周月报\collectors\nadianshi.py --out C:\Users\Admin\Documents\AI游戏行业周月报\news_data\industry_news\2026-09-24 --max-pages 3 --preset yesterday
# returncode: 1

[http] retry 1/3: http://www.nadianshi.com/category/today (HTTP Error 301: The HTTP server returned a redirect error that would lead to an infinite loop.
The last 30x error message was:
Moved Permanently)
[http] retry 2/3: http://www.nadianshi.com/category/today (HTTP Error 301: The HTTP server returned a redirect error that would lead to an infinite loop.
The last 30x error message was:
Moved Permanently)
[catalog] open http://www.nadianshi.com/category/today
Traceback (most recent call last):
  File "C:\Users\Admin\Documents\AI游戏行业周月报\collectors\nadianshi.py", line 326, in <module>
    main()
    ~~~~^^
  File "C:\Users\Admin\Documents\AI游戏行业周月报\collectors\nadianshi.py", line 275, in main
    page_urls = discover_article_urls(fetch_text(url))
                                      ~~~~~~~~~~^^^^^
  File "C:\Users\Admin\Documents\AI游戏行业周月报\collectors\nadianshi.py", line 69, in fetch_text
    raise RuntimeError(f"GET failed after {HTTP_RETRIES} tries: {url} ({last_exc!r})")
RuntimeError: GET failed after 3 tries: http://www.nadianshi.com/category/today (<HTTPError 301: 'The HTTP server returned a redirect error that would lead to an infinite loop.\nThe last 30x error message was:\nMoved Permanently'>)
