# industry_news/vgc failed at 2026-07-07T03:00:56.674189+00:00
# command: C:\Users\Admin\AppData\Local\Programs\Python\Python314\python.exe C:\Users\Admin\Documents\AI游戏行业周月报\collectors\vgc.py --out C:\Users\Admin\Documents\AI游戏行业周月报\news_data\industry_news\2026-07-06 --max-pages 20 --preset yesterday
# returncode: 1

[halo_campaign_evolveds_boxed_version_will_come_w_a3fea5c4] failed: RuntimeError('article content selector not found; source structure may have changed')
[pokemon_to_hold_charity_pokemon_champions_tourna_8ed1ccca] failed: RuntimeError('article content selector not found; source structure may have changed')
[epic_settles_with_fortnite_leaker_who_shared_sou_32b1fb6d] failed: RuntimeError('article content selector not found; source structure may have changed')
[nintendo_confirms_switch_2_will_get_revision_wit_f215c23d] failed: RuntimeError('article content selector not found; source structure may have changed')
[nintendo_will_stop_selling_the_nintendo_switch_i_ce0c01d4] failed: RuntimeError('article content selector not found; source structure may have changed')
[xbox_confirms_plans_to_cut_5_studios_and_thousan_51807b90] failed: RuntimeError('article content selector not found; source structure may have changed')
[an_outcome_that_preserves_our_history_studios_th_79a8fb5e] failed: RuntimeError('article content selector not found; source structure may have changed')
[every_japanese_football_team_just_got_its_own_of_a4e75255] failed: RuntimeError('article content selector not found; source structure may have changed')
[config] window: 2026-07-06 00:00:00 <= published < 2026-07-07 00:00:00
[config] output: C:\Users\Admin\Documents\AI游戏行业周月报\news_data\industry_news\2026-07-06
[rss] open https://www.videogameschronicle.com/feed/
[rss] page 1: +8, older=2, total=8
[rss] collected 8 article(s), future_or_today=0, excluded_guides=0
[rss] selected 8 article(s)
[halo_campaign_evolveds_boxed_version_will_come_w_a3fea5c4] open https://www.videogameschronicle.com/news/halo-campaign-evolveds-boxed-version-will-come-with-physical-discs-so-that-players-can-have-tangible-items-to-add-to-your-collection/
[pokemon_to_hold_charity_pokemon_champions_tourna_8ed1ccca] open https://www.videogameschronicle.com/news/pokemon-to-hold-charity-pokemon-champions-tournament-featuring-whistling-champion-pizza-acrobatics-champion-and-more/
[epic_settles_with_fortnite_leaker_who_shared_sou_32b1fb6d] open https://www.videogameschronicle.com/news/epic-settles-with-fortnite-leaker-who-shared-south-park-minecraft-and-overwatch-collabs/
[nintendo_confirms_switch_2_will_get_revision_wit_f215c23d] open https://www.videogameschronicle.com/news/nintendo-confirms-switch-2-will-get-revision-with-replaceable-batteries-in-europe/
[nintendo_will_stop_selling_the_nintendo_switch_i_ce0c01d4] open https://www.videogameschronicle.com/news/nintendo-will-stop-selling-the-nintendo-switch-in-2027/
[xbox_confirms_plans_to_cut_5_studios_and_thousan_51807b90] open https://www.videogameschronicle.com/news/xbox-confirms-plans-to-cut-5-studios-and-thousands-of-jobs/
[an_outcome_that_preserves_our_history_studios_th_79a8fb5e] open https://www.videogameschronicle.com/news/an-outcome-that-preserves-our-history-studios-thank-xbox-for-allowing-them-to-leave/
[every_japanese_football_team_just_got_its_own_of_a4e75255] open https://www.videogameschronicle.com/news/every-japanese-football-team-just-got-its-own-official-pokemon/
[done] ok=0 fail=8 output=C:\Users\Admin\Documents\AI游戏行业周月报\news_data\industry_news\2026-07-06
