# industry_news/youxiputao_sohu failed at 2026-07-28T00:03:26.838048+00:00
# command: C:\Users\Admin\AppData\Local\Programs\Python\Python314\python.exe C:\Users\Admin\Documents\AI游戏行业周月报\collectors\youxiputao_sohu.py --out C:\Users\Admin\Documents\AI游戏行业周月报\news_data\industry_news\2026-07-27 --max-pages 3 --preset yesterday
# returncode: 1

[config] window: 2026-07-27 00:00:00 <= published < 2026-07-28 00:00:00
[config] output: C:\Users\Admin\Documents\AI游戏行业周月报\news_data\industry_news\2026-07-27
[list] open https://m.sohu.com/media/204824
Traceback (most recent call last):
  File "C:\Users\Admin\Documents\AI游戏行业周月报\collectors\youxiputao_sohu.py", line 457, in <module>
    asyncio.run(main())
    ~~~~~~~~~~~^^^^^^^^
  File "C:\Users\Admin\AppData\Local\Programs\Python\Python314\Lib\asyncio\runners.py", line 204, in run
    return runner.run(main)
           ~~~~~~~~~~^^^^^^
  File "C:\Users\Admin\AppData\Local\Programs\Python\Python314\Lib\asyncio\runners.py", line 127, in run
    return self._loop.run_until_complete(task)
           ~~~~~~~~~~~~~~~~~~~~~~~~~~~~~^^^^^^
  File "C:\Users\Admin\AppData\Local\Programs\Python\Python314\Lib\asyncio\base_events.py", line 719, in run_until_complete
    return future.result()
           ~~~~~~~~~~~~~^^
  File "C:\Users\Admin\Documents\AI游戏行业周月报\collectors\youxiputao_sohu.py", line 433, in main
    items = await collect_news_items(list_page, since, until, args.max_pages)
            ^^^^^^^^^^^^^^^^^^^^^^^^^^^^^^^^^^^^^^^^^^^^^^^^^^^^^^^^^^^^^^^^^
  File "C:\Users\Admin\Documents\AI游戏行业周月报\collectors\youxiputao_sohu.py", line 157, in collect_news_items
    await page.goto(LIST_URL, wait_until="domcontentloaded", timeout=PAGE_TIMEOUT)
  File "C:\Users\Admin\AppData\Local\Programs\Python\Python314\Lib\site-packages\playwright\async_api\_generated.py", line 9611, in goto
    await self._impl_obj.goto(
    ...<4 lines>...
    )
  File "C:\Users\Admin\AppData\Local\Programs\Python\Python314\Lib\site-packages\playwright\_impl\_page.py", line 557, in goto
    return await self._main_frame.goto(**locals_to_params(locals()))
           ^^^^^^^^^^^^^^^^^^^^^^^^^^^^^^^^^^^^^^^^^^^^^^^^^^^^^^^^^
  File "C:\Users\Admin\AppData\Local\Programs\Python\Python314\Lib\site-packages\playwright\_impl\_frame.py", line 156, in goto
    await self._channel.send(
        "goto", self._navigation_timeout, locals_to_params(locals())
    )
  File "C:\Users\Admin\AppData\Local\Programs\Python\Python314\Lib\site-packages\playwright\_impl\_connection.py", line 69, in send
    return await self._connection.wrap_api_call(
           ^^^^^^^^^^^^^^^^^^^^^^^^^^^^^^^^^^^^^
    ...<3 lines>...
    )
    ^
  File "C:\Users\Admin\AppData\Local\Programs\Python\Python314\Lib\site-packages\playwright\_impl\_connection.py", line 559, in wrap_api_call
    raise rewrite_error(error, f"{parsed_st['apiName']}: {error}") from None
playwright._impl._errors.TimeoutError: Page.goto: Timeout 30000ms exceeded.
Call log:
  - navigating to "https://m.sohu.com/media/204824", waiting until "domcontentloaded"

