# industry_news/vgc failed at 2026-07-21T00:06:15.052935+00:00
# command: C:\Users\Admin\AppData\Local\Programs\Python\Python314\python.exe C:\Users\Admin\Documents\AI游戏行业周月报\collectors\vgc.py --out C:\Users\Admin\Documents\AI游戏行业周月报\news_data\industry_news\2026-07-20 --max-pages 20 --preset yesterday
# returncode: 1

[ea_sports_fc_has_correctly_predicted_the_fifa_wo_bebd13cc] failed: RuntimeError('article content selector not found; source structure may have changed')
[we_are_committed_to_making_this_clearer_xbox_exe_06264086] failed: RuntimeError('article content selector not found; source structure may have changed')
[final_fantasy_x_gets_a_25th_anniversary_trailer_3837b7e3] failed: RuntimeError('article content selector not found; source structure may have changed')
[i_was_a_functioning_alcoholic_cliff_bleszinski_o_cc576090] failed: RuntimeError('article content selector not found; source structure may have changed')
[before_alien_isolation_a_1980s_commodore_64_game_35587dbb] failed: RuntimeError('article content selector not found; source structure may have changed')
[the_call_of_duty_movie_will_take_place_in_the_mo_e44d9406] failed: RuntimeError('article content selector not found; source structure may have changed')
[config] window: 2026-07-20 00:00:00 <= published < 2026-07-21 00:00:00
[config] output: C:\Users\Admin\Documents\AI游戏行业周月报\news_data\industry_news\2026-07-20
[rss] open https://www.videogameschronicle.com/feed/
[rss] page 1: +6, older=0, total=6
[rss] open https://www.videogameschronicle.com/feed/?paged=2
[rss] page 2: +0, older=10, total=6
[rss] collected 6 article(s), future_or_today=1, excluded_guides=3
[rss] selected 6 article(s)
[ea_sports_fc_has_correctly_predicted_the_fifa_wo_bebd13cc] open https://www.videogameschronicle.com/news/ea-sports-fc-has-correctly-predicted-the-fifa-world-cup-winner-for-the-fifth-time-in-a-row/
[we_are_committed_to_making_this_clearer_xbox_exe_06264086] open https://www.videogameschronicle.com/news/we-are-committed-to-making-this-clearer-xbox-exec-says-its-not-obvious-to-players-which-games-will-be-exclusive/
[final_fantasy_x_gets_a_25th_anniversary_trailer_3837b7e3] open https://www.videogameschronicle.com/news/final-fantasy-x-gets-a-25th-anniversary-trailer-ahead-of-x-x-2-hd-remaster-coming-to-switch-2-this-week/
[i_was_a_functioning_alcoholic_cliff_bleszinski_o_cc576090] open https://www.videogameschronicle.com/news/i-was-a-functioning-alcoholic-cliff-bleszinski-opens-up-about-addiction-recovery-and-his-hope-to-return-to-games/
[before_alien_isolation_a_1980s_commodore_64_game_35587dbb] open https://www.videogameschronicle.com/features/before-alien-isolation-a-1980s-commodore-64-game-nailed-first-person-terror/
[the_call_of_duty_movie_will_take_place_in_the_mo_e44d9406] open https://www.videogameschronicle.com/news/the-call-of-duty-movie-will-take-place-in-the-modern-warfare-universe/
[done] ok=0 fail=6 output=C:\Users\Admin\Documents\AI游戏行业周月报\news_data\industry_news\2026-07-20
