# industry_news/vgc failed at 2026-07-14T00:07:51.265344+00:00
# command: C:\Users\Admin\AppData\Local\Programs\Python\Python314\python.exe C:\Users\Admin\Documents\AI游戏行业周月报\collectors\vgc.py --out C:\Users\Admin\Documents\AI游戏行业周月报\news_data\industry_news\2026-07-13 --max-pages 20 --preset yesterday
# returncode: 1

[obsidian_director_criticizes_cold_take_artists_s_d75a1268] failed: RuntimeError('article content selector not found; source structure may have changed')
[removing_discs_doesnt_represent_progress_uk_reta_65b72656] failed: RuntimeError('article content selector not found; source structure may have changed')
[more_concept_art_and_animations_from_the_cancell_1c5de239] failed: RuntimeError('article content selector not found; source structure may have changed')
[marvel_tokon_fighting_souls_single_player_mode_w_434b27b0] failed: RuntimeError('article content selector not found; source structure may have changed')
[koei_tecmo_ceo_says_it_grew_from_2500_staff_to_o_9a4baa62] failed: RuntimeError('article content selector not found; source structure may have changed')
[game_workers_protested_outside_mindseye_studio_b_0c7fc508] failed: RuntimeError('article content selector not found; source structure may have changed')
[palworld_sees_huge_surge_in_concurrent_players_a_e844c8f5] failed: RuntimeError('article content selector not found; source structure may have changed')
[config] window: 2026-07-13 00:00:00 <= published < 2026-07-14 00:00:00
[config] output: C:\Users\Admin\Documents\AI游戏行业周月报\news_data\industry_news\2026-07-13
[rss] open https://www.videogameschronicle.com/feed/
[rss] page 1: +6, older=0, total=6
[rss] open https://www.videogameschronicle.com/feed/?paged=2
[rss] page 2: +1, older=9, total=7
[rss] collected 7 article(s), future_or_today=1, excluded_guides=3
[rss] selected 7 article(s)
[obsidian_director_criticizes_cold_take_artists_s_d75a1268] open https://www.videogameschronicle.com/news/obsidian-director-criticizes-cold-take-artists-spreading-misinformation-about-the-studios-legacy/
[removing_discs_doesnt_represent_progress_uk_reta_65b72656] open https://www.videogameschronicle.com/news/removing-discs-doesnt-represent-progress-uk-retail-group-condemns-playstation-decision-to-stop-making-discs/
[more_concept_art_and_animations_from_the_cancell_1c5de239] open https://www.videogameschronicle.com/news/more-concept-art-and-animations-from-the-cancelled-doom-4-have-appeared-online/
[marvel_tokon_fighting_souls_single_player_mode_w_434b27b0] open https://www.videogameschronicle.com/news/marvel-tokon-fighting-souls-single-player-mode-was-written-by-uncanny-x-mens-kieron-gillen/
[koei_tecmo_ceo_says_it_grew_from_2500_staff_to_o_9a4baa62] open https://www.videogameschronicle.com/news/koei-tecmo-ceo-says-it-grew-from-2500-staff-to-over-3000-in-two-years-is-aiming-for-5000/
[game_workers_protested_outside_mindseye_studio_b_0c7fc508] open https://www.videogameschronicle.com/news/game-workers-protested-outside-mindseye-studio-build-a-rocket-boy-as-it-held-an-extravagant-playtest-for-fans/
[palworld_sees_huge_surge_in_concurrent_players_a_e844c8f5] open https://www.videogameschronicle.com/news/palworld-sees-huge-surge-in-concurrent-players-after-the-release-of-version-1-0/
[done] ok=0 fail=7 output=C:\Users\Admin\Documents\AI游戏行业周月报\news_data\industry_news\2026-07-13
