# industry_news/vgc failed at 2026-07-10T00:07:28.006285+00:00
# command: C:\Users\Admin\AppData\Local\Programs\Python\Python314\python.exe C:\Users\Admin\Documents\AI游戏行业周月报\collectors\vgc.py --out C:\Users\Admin\Documents\AI游戏行业周月报\news_data\industry_news\2026-07-09 --max-pages 20 --preset yesterday
# returncode: 1

[obsidian_cancels_avowed_2_to_focus_on_new_fallou_98303e8e] failed: RuntimeError('article content selector not found; source structure may have changed')
[id_software_dev_claims_its_been_relegated_to_sup_230c665d] failed: RuntimeError('article content selector not found; source structure may have changed')
[fired_marathon_director_says_hes_settled_a_lawsu_3f16868c] failed: RuntimeError('article content selector not found; source structure may have changed')
[you_can_now_try_one_of_nintendos_best_switch_2_g_a85b7d1a] failed: RuntimeError('article content selector not found; source structure may have changed')
[hundreds_of_layoffs_confirmed_at_elder_scrolls_o_761d3021] failed: RuntimeError('article content selector not found; source structure may have changed')
[former_vg247_editors_launch_new_publication_resp_699f0f63] failed: RuntimeError('article content selector not found; source structure may have changed')
[doom_studio_id_software_pitched_a_perfect_dark_g_b4044877] failed: RuntimeError('article content selector not found; source structure may have changed')
[config] window: 2026-07-09 00:00:00 <= published < 2026-07-10 00:00:00
[config] output: C:\Users\Admin\Documents\AI游戏行业周月报\news_data\industry_news\2026-07-09
[rss] open https://www.videogameschronicle.com/feed/
[rss] page 1: +7, older=0, total=7
[rss] open https://www.videogameschronicle.com/feed/?paged=2
[rss] page 2: +0, older=10, total=7
[rss] collected 7 article(s), future_or_today=1, excluded_guides=2
[rss] selected 7 article(s)
[obsidian_cancels_avowed_2_to_focus_on_new_fallou_98303e8e] open https://www.videogameschronicle.com/news/obsidian-cancels-avowed-2-to-focus-on-new-fallout/
[id_software_dev_claims_its_been_relegated_to_sup_230c665d] open https://www.videogameschronicle.com/news/id-software-dev-claims-its-been-relegated-to-support-studio-size-as-136-layoffs-confirmed/
[fired_marathon_director_says_hes_settled_a_lawsu_3f16868c] open https://www.videogameschronicle.com/news/fired-marathon-director-says-hes-settled-a-lawsuit-with-sony-and-been-inserted-into-the-credits/
[you_can_now_try_one_of_nintendos_best_switch_2_g_a85b7d1a] open https://www.videogameschronicle.com/news/you-can-now-try-one-of-nintendos-best-switch-2-games-for-free/
[hundreds_of_layoffs_confirmed_at_elder_scrolls_o_761d3021] open https://www.videogameschronicle.com/news/hundreds-of-layoffs-confirmed-at-elder-scrolls-online-studio-as-devastating-xbox-cuts-continue/
[former_vg247_editors_launch_new_publication_resp_699f0f63] open https://www.videogameschronicle.com/news/former-vg247-editors-launch-new-publication-respec/
[doom_studio_id_software_pitched_a_perfect_dark_g_b4044877] open https://www.videogameschronicle.com/news/doom-studio-id-software-pitched-a-perfect-dark-game-before-xbox-cuts/
[done] ok=0 fail=7 output=C:\Users\Admin\Documents\AI游戏行业周月报\news_data\industry_news\2026-07-09
