# industry_news/vgc failed at 2026-07-11T00:06:42.950308+00:00
# command: C:\Users\Admin\AppData\Local\Programs\Python\Python314\python.exe C:\Users\Admin\Documents\AI游戏行业周月报\collectors\vgc.py --out C:\Users\Admin\Documents\AI游戏行业周月报\news_data\industry_news\2026-07-10 --max-pages 20 --preset yesterday
# returncode: 1

[xbox_ceo_asha_sharma_named_as_adviser_to_us_fede_01ec002a] failed: RuntimeError('article content selector not found; source structure may have changed')
[mewtwo_takes_over_times_square_as_pokemon_recrea_6e85bb87] failed: RuntimeError('article content selector not found; source structure may have changed')
[john_carmack_responds_to_id_software_layoffs_adm_e0a98098] failed: RuntimeError('article content selector not found; source structure may have changed')
[bethesda_union_confirms_xbox_layoff_protests_we_22352563] failed: RuntimeError('article content selector not found; source structure may have changed')
[podcast_the_fallout_from_xboxs_terrible_week_wit_6a9111ae] failed: RuntimeError('article content selector not found; source structure may have changed')
[pokemon_go_at_10_developers_reflect_on_the_game_a6df9832] failed: RuntimeError('article content selector not found; source structure may have changed')
[config] window: 2026-07-10 00:00:00 <= published < 2026-07-11 00:00:00
[config] output: C:\Users\Admin\Documents\AI游戏行业周月报\news_data\industry_news\2026-07-10
[rss] open https://www.videogameschronicle.com/feed/
[rss] page 1: +6, older=0, total=6
[rss] open https://www.videogameschronicle.com/feed/?paged=2
[rss] page 2: +0, older=10, total=6
[rss] collected 6 article(s), future_or_today=0, excluded_guides=4
[rss] selected 6 article(s)
[xbox_ceo_asha_sharma_named_as_adviser_to_us_fede_01ec002a] open https://www.videogameschronicle.com/news/xbox-ceo-asha-sharma-named-as-adviser-to-us-federal-reserve-on-jobs-and-productivity/
[mewtwo_takes_over_times_square_as_pokemon_recrea_6e85bb87] open https://www.videogameschronicle.com/news/mewtwo-takes-over-times-square-as-pokemon-recreates-original-pokemon-go-trailer/
[john_carmack_responds_to_id_software_layoffs_adm_e0a98098] open https://www.videogameschronicle.com/news/john-carmack-responds-to-id-software-layoffs-admits-microsoft-stewardship-claim-aging-badly/
[bethesda_union_confirms_xbox_layoff_protests_we_22352563] open https://www.videogameschronicle.com/news/bethesda-union-confirms-xbox-layoff-protests-we-wont-quietly-disappear/
[podcast_the_fallout_from_xboxs_terrible_week_wit_6a9111ae] open https://www.videogameschronicle.com/blog/podcast/podcast-the-fallout-from-xboxs-terrible-week-with-jeff-gerstmann/
[pokemon_go_at_10_developers_reflect_on_the_game_a6df9832] open https://www.videogameschronicle.com/features/pokemon-go-at-10-developers-reflect-on-the-game-that-changed-pokemon-forever/
[done] ok=0 fail=6 output=C:\Users\Admin\Documents\AI游戏行业周月报\news_data\industry_news\2026-07-10
