# industry_news/vgc failed at 2026-07-09T00:07:56.628458+00:00
# command: C:\Users\Admin\AppData\Local\Programs\Python\Python314\python.exe C:\Users\Admin\Documents\AI游戏行业周月报\collectors\vgc.py --out C:\Users\Admin\Documents\AI游戏行业周月报\news_data\industry_news\2026-07-08 --max-pages 20 --preset yesterday
# returncode: 1

[blood_of_dawnwalker] failed: RuntimeError('article content selector not found; source structure may have changed')
[wario_land_and_three_more_game_boy_classics_hit_579c0688] failed: RuntimeError('article content selector not found; source structure may have changed')
[tokyo_game_show_2026_unveils_exhibitor_list_incl_9610d4ba] failed: RuntimeError('article content selector not found; source structure may have changed')
[mario_kart_tour_is_being_permanently_shut_down_a_c2fd1fb6] failed: RuntimeError('article content selector not found; source structure may have changed')
[nintendo_confirms_switch_1_sales_arent_yet_endin_b0ec4a59] failed: RuntimeError('article content selector not found; source structure may have changed')
[assassins_creed_black_flag_resynced_review] failed: RuntimeError('article content selector not found; source structure may have changed')
[xbox_game_pass_has_reportedly_lost_millions_of_u_7e1da771] failed: RuntimeError('article content selector not found; source structure may have changed')
[microsofts_layoffs_include_the_37_year_veteran_b_75d28edb] failed: RuntimeError('article content selector not found; source structure may have changed')
[toys_for_bob_still_wants_to_work_on_banjo_kazooi_a7d6b2d8] failed: RuntimeError('article content selector not found; source structure may have changed')
[config] window: 2026-07-08 00:00:00 <= published < 2026-07-09 00:00:00
[config] output: C:\Users\Admin\Documents\AI游戏行业周月报\news_data\industry_news\2026-07-08
[rss] open https://www.videogameschronicle.com/feed/
[rss] page 1: +2, older=0, total=2
[rss] open https://www.videogameschronicle.com/feed/?paged=2
[rss] page 2: +7, older=2, total=9
[rss] collected 9 article(s), future_or_today=3, excluded_guides=6
[rss] selected 9 article(s)
[blood_of_dawnwalker] open https://www.videogameschronicle.com/features/blood-of-dawnwalker/
[wario_land_and_three_more_game_boy_classics_hit_579c0688] open https://www.videogameschronicle.com/news/wario-land-and-three-more-game-boy-classics-hit-nintendo-switch-online-today/
[tokyo_game_show_2026_unveils_exhibitor_list_incl_9610d4ba] open https://www.videogameschronicle.com/news/tokyo-game-show-2026-unveils-exhibitor-list-including-playstation-and-square-enix/
[mario_kart_tour_is_being_permanently_shut_down_a_c2fd1fb6] open https://www.videogameschronicle.com/news/mario-kart-tour-is-being-permanently-shut-down-and-features-disabled/
[nintendo_confirms_switch_1_sales_arent_yet_endin_b0ec4a59] open https://www.videogameschronicle.com/news/nintendo-confirms-switch-1-sales-arent-yet-ending-outside-of-europe/
[assassins_creed_black_flag_resynced_review] open https://www.videogameschronicle.com/review/assassins-creed-black-flag-resynced-review/
[xbox_game_pass_has_reportedly_lost_millions_of_u_7e1da771] open https://www.videogameschronicle.com/news/xbox-game-pass-has-reportedly-lost-millions-of-users-since-2024/
[microsofts_layoffs_include_the_37_year_veteran_b_75d28edb] open https://www.videogameschronicle.com/news/microsofts-layoffs-include-the-37-year-veteran-behind-xbox-backwards-compatibility/
[toys_for_bob_still_wants_to_work_on_banjo_kazooi_a7d6b2d8] open https://www.videogameschronicle.com/news/toys-for-bob-still-wants-to-work-on-banjo-kazooie-were-huge-fans/
[done] ok=0 fail=9 output=C:\Users\Admin\Documents\AI游戏行业周月报\news_data\industry_news\2026-07-08
