# industry_news/vgc failed at 2026-07-03T00:07:59.681187+00:00
# command: C:\Users\Admin\AppData\Local\Programs\Python\Python314\python.exe C:\Users\Admin\Documents\AI游戏行业周月报\collectors\vgc.py --out C:\Users\Admin\Documents\AI游戏行业周月报\news_data\industry_news\2026-07-02 --max-pages 20 --preset yesterday
# returncode: 1

[xbox_is_reportedly_planning_a_way_for_players_to_4f88df78] failed: RuntimeError('article content selector not found; source structure may have changed')
[a_rating_for_metroid_ravenous_has_reportedly_bee_52e3a5e7] failed: RuntimeError('article content selector not found; source structure may have changed')
[onimusha_way_of_the_sword_release_date_moved_for_5b47a2fe] failed: RuntimeError('article content selector not found; source structure may have changed')
[video_game_history_foundation_calls_on_the_esa_t_f9308f46] failed: RuntimeError('article content selector not found; source structure may have changed')
[playstation_ditching_physical_games_unlikely_to_317b025e] failed: RuntimeError('article content selector not found; source structure may have changed')
[am_i_going_back_to_ps4_days_shuhei_yoshida_says_22941731] failed: RuntimeError('article content selector not found; source structure may have changed')
[cinder_city_drops_its_64_gb_ram_recommendation_b_ce0852db] failed: RuntimeError('article content selector not found; source structure may have changed')
[avowed_and_outer_worlds_dev_obsidian_is_reported_20f13d7b] failed: RuntimeError('article content selector not found; source structure may have changed')
[ceo_of_professor_layton_studio_level_5_says_staf_70d65ffb] failed: RuntimeError('article content selector not found; source structure may have changed')
[config] window: 2026-07-02 00:00:00 <= published < 2026-07-03 00:00:00
[config] output: C:\Users\Admin\Documents\AI游戏行业周月报\news_data\industry_news\2026-07-02
[rss] open https://www.videogameschronicle.com/feed/
[rss] page 1: +8, older=0, total=8
[rss] open https://www.videogameschronicle.com/feed/?paged=2
[rss] page 2: +1, older=9, total=9
[rss] collected 9 article(s), future_or_today=2, excluded_guides=0
[rss] selected 9 article(s)
[xbox_is_reportedly_planning_a_way_for_players_to_4f88df78] open https://www.videogameschronicle.com/news/xbox-is-reportedly-planning-a-way-for-players-to-convert-their-discs-into-digital-copies/
[a_rating_for_metroid_ravenous_has_reportedly_bee_52e3a5e7] open https://www.videogameschronicle.com/news/a-rating-for-metroid-ravenous-has-reportedly-been-spotted-before-quickly-being-removed/
[onimusha_way_of_the_sword_release_date_moved_for_5b47a2fe] open https://www.videogameschronicle.com/news/onimusha-way-of-the-sword-release-date-moved-forward-in-a-crowded-september/
[video_game_history_foundation_calls_on_the_esa_t_f9308f46] open https://www.videogameschronicle.com/news/video-game-history-foundation-calls-on-the-esa-to-find-a-way-to-legally-preserve-digital-only-games-for-research/
[playstation_ditching_physical_games_unlikely_to_317b025e] open https://www.videogameschronicle.com/news/playstation-ditching-physical-games-unlikely-to-influence-nintendos-plans-says-analyst/
[am_i_going_back_to_ps4_days_shuhei_yoshida_says_22941731] open https://www.videogameschronicle.com/news/am-i-going-back-to-ps4-days-shuhei-yoshida-says-steam-machine-is-hard-to-recommend-to-people-at-its-current-price/
[cinder_city_drops_its_64_gb_ram_recommendation_b_ce0852db] open https://www.videogameschronicle.com/news/cinder-city-drops-its-64-gb-ram-recommendation-but-increases-recommended-gpu/
[avowed_and_outer_worlds_dev_obsidian_is_reported_20f13d7b] open https://www.videogameschronicle.com/news/avowed-and-outer-worlds-dev-obsidian-is-reportedly-one-of-the-xbox-studios-negotiating-to-avoid-closure/
[ceo_of_professor_layton_studio_level_5_says_staf_70d65ffb] open https://www.videogameschronicle.com/news/ceo-of-professor-layton-studio-level-5-says-staff-get-big-pay-rises-for-correctly-answering-quizzes-about-its-games/
[done] ok=0 fail=9 output=C:\Users\Admin\Documents\AI游戏行业周月报\news_data\industry_news\2026-07-02
