# industry_news/vgc failed at 2026-07-04T00:08:29.864205+00:00
# command: C:\Users\Admin\AppData\Local\Programs\Python\Python314\python.exe C:\Users\Admin\Documents\AI游戏行业周月报\collectors\vgc.py --out C:\Users\Admin\Documents\AI游戏行业周月报\news_data\industry_news\2026-07-03 --max-pages 20 --preset yesterday
# returncode: 1

[amazon_primes_12_free_games_for_july_include_cri_b8a0bcd9] failed: RuntimeError('article content selector not found; source structure may have changed')
[sonys_largest_playstation_disc_plant_is_already_d537c4b2] failed: RuntimeError('article content selector not found; source structure may have changed')
[suicide_squad_development_felt_like_i_wasnt_maki_eac63189] failed: RuntimeError('article content selector not found; source structure may have changed')
[final_fantasy_7_revelation_dlc_leaks_via_epic_ga_cdf1e2f9] failed: RuntimeError('article content selector not found; source structure may have changed')
[steam_machine_user_reports_red_line_of_death] failed: RuntimeError('article content selector not found; source structure may have changed')
[epic_games_ceo_argues_ai_couldve_made_destiny_pr_cb4bc5e6] failed: RuntimeError('article content selector not found; source structure may have changed')
[assassins_creed_black_flag_resynced_release_time_2085b2e4] failed: RuntimeError('article content selector not found; source structure may have changed')
[podcast_nobody_is_happy_with_playstation_right_n_98235e12] failed: RuntimeError('article content selector not found; source structure may have changed')
[cyberpunk_2077_has_sold_40_million_copies] failed: RuntimeError('article content selector not found; source structure may have changed')
[suda51_names_resident_evil_creator_shinji_mikami_c2dd8efe] failed: RuntimeError('article content selector not found; source structure may have changed')
[config] window: 2026-07-03 00:00:00 <= published < 2026-07-04 00:00:00
[config] output: C:\Users\Admin\Documents\AI游戏行业周月报\news_data\industry_news\2026-07-03
[rss] open https://www.videogameschronicle.com/feed/
[rss] page 1: +9, older=0, total=9
[rss] open https://www.videogameschronicle.com/feed/?paged=2
[rss] page 2: +1, older=9, total=10
[rss] collected 10 article(s), future_or_today=0, excluded_guides=1
[rss] selected 10 article(s)
[amazon_primes_12_free_games_for_july_include_cri_b8a0bcd9] open https://www.videogameschronicle.com/news/amazon-primes-12-free-games-for-july-include-critically-acclaimed-rpg-symphony-of-war/
[sonys_largest_playstation_disc_plant_is_already_d537c4b2] open https://www.videogameschronicle.com/news/sonys-largest-playstation-disc-plant-is-already-reassigning-staff-to-make-other-products/
[suicide_squad_development_felt_like_i_wasnt_maki_eac63189] open https://www.videogameschronicle.com/news/suicide-squad-development-felt-like-i-wasnt-making-games-anymore-says-director/
[final_fantasy_7_revelation_dlc_leaks_via_epic_ga_cdf1e2f9] open https://www.videogameschronicle.com/news/final-fantasy-7-revelation-dlc-leaks-via-epic-games-store-listing/
[steam_machine_user_reports_red_line_of_death] open https://www.videogameschronicle.com/news/steam-machine-user-reports-red-line-of-death/
[epic_games_ceo_argues_ai_couldve_made_destiny_pr_cb4bc5e6] open https://www.videogameschronicle.com/news/epic-games-ceo-argues-ai-couldve-made-destiny-profitable/
[assassins_creed_black_flag_resynced_release_time_2085b2e4] open https://www.videogameschronicle.com/news/assassins-creed-black-flag-resynced-release-times-in-your-region-and-new-zealand-trick/
[podcast_nobody_is_happy_with_playstation_right_n_98235e12] open https://www.videogameschronicle.com/blog/podcast/podcast-nobody-is-happy-with-playstation-right-now/
[cyberpunk_2077_has_sold_40_million_copies] open https://www.videogameschronicle.com/news/cyberpunk-2077-has-sold-40-million-copies/
[suda51_names_resident_evil_creator_shinji_mikami_c2dd8efe] open https://www.videogameschronicle.com/news/suda51-names-resident-evil-creator-shinji-mikami-as-a-mentor-in-new-interview/
[done] ok=0 fail=10 output=C:\Users\Admin\Documents\AI游戏行业周月报\news_data\industry_news\2026-07-03
